Component: Arm Compiler for Embedded 6.21 Tool: armlink [5ec1fa00]

==============================================================================

Section Cross References

    startup_stm32g431xx.o(STACK) refers (Special) to heapauxi.o(.text) for __use_two_region_memory
    startup_stm32g431xx.o(HEAP) refers (Special) to heapauxi.o(.text) for __use_two_region_memory
    startup_stm32g431xx.o(RESET) refers (Special) to heapauxi.o(.text) for __use_two_region_memory
    startup_stm32g431xx.o(RESET) refers to startup_stm32g431xx.o(STACK) for __initial_sp
    startup_stm32g431xx.o(RESET) refers to startup_stm32g431xx.o(.text) for Reset_Handler
    startup_stm32g431xx.o(RESET) refers to stm32g4xx_it.o(.text.NMI_Handler) for NMI_Handler
    startup_stm32g431xx.o(RESET) refers to stm32g4xx_it.o(.text.HardFault_Handler) for HardFault_Handler
    startup_stm32g431xx.o(RESET) refers to stm32g4xx_it.o(.text.MemManage_Handler) for MemManage_Handler
    startup_stm32g431xx.o(RESET) refers to stm32g4xx_it.o(.text.BusFault_Handler) for BusFault_Handler
    startup_stm32g431xx.o(RESET) refers to stm32g4xx_it.o(.text.UsageFault_Handler) for UsageFault_Handler
    startup_stm32g431xx.o(RESET) refers to stm32g4xx_it.o(.text.SVC_Handler) for SVC_Handler
    startup_stm32g431xx.o(RESET) refers to stm32g4xx_it.o(.text.DebugMon_Handler) for DebugMon_Handler
    startup_stm32g431xx.o(RESET) refers to stm32g4xx_it.o(.text.PendSV_Handler) for PendSV_Handler
    startup_stm32g431xx.o(RESET) refers to stm32g4xx_it.o(.text.SysTick_Handler) for SysTick_Handler
    startup_stm32g431xx.o(RESET) refers to stm32g4xx_it.o(.text.TIM2_IRQHandler) for TIM2_IRQHandler
    startup_stm32g431xx.o(RESET) refers to stm32g4xx_it.o(.text.USART1_IRQHandler) for USART1_IRQHandler
    startup_stm32g431xx.o(RESET) refers to stm32g4xx_it.o(.text.TIM6_DAC_IRQHandler) for TIM6_DAC_IRQHandler
    startup_stm32g431xx.o(.text) refers (Special) to heapauxi.o(.text) for __use_two_region_memory
    startup_stm32g431xx.o(.text) refers to system_stm32g4xx.o(.text.SystemInit) for SystemInit
    startup_stm32g431xx.o(.text) refers to __main.o(!!!main) for __main
    startup_stm32g431xx.o(.text) refers to startup_stm32g431xx.o(HEAP) for Heap_Mem
    startup_stm32g431xx.o(.text) refers to startup_stm32g431xx.o(STACK) for Stack_Mem
    lcd.o(.ARM.exidx.text.Delay_LCD) refers to lcd.o(.text.Delay_LCD) for [Anonymous Symbol]
    lcd.o(.ARM.exidx.text.REG_8230_Init) refers to lcd.o(.text.REG_8230_Init) for [Anonymous Symbol]
    lcd.o(.ARM.exidx.text.LCD_WriteReg) refers to lcd.o(.text.LCD_WriteReg) for [Anonymous Symbol]
    lcd.o(.text.REG_932X_Init) refers to stm32g4xx_hal.o(.text.HAL_Delay) for HAL_Delay
    lcd.o(.ARM.exidx.text.REG_932X_Init) refers to lcd.o(.text.REG_932X_Init) for [Anonymous Symbol]
    lcd.o(.text.LCD_Init) refers to stm32g4xx_hal_gpio.o(.text.HAL_GPIO_Init) for HAL_GPIO_Init
    lcd.o(.text.LCD_Init) refers to lcd.o(.bss.dummy) for dummy
    lcd.o(.text.LCD_Init) refers to lcd.o(.text.REG_8230_Init) for REG_8230_Init
    lcd.o(.text.LCD_Init) refers to lcd.o(.text.REG_932X_Init) for REG_932X_Init
    lcd.o(.ARM.exidx.text.LCD_Init) refers to lcd.o(.text.LCD_Init) for [Anonymous Symbol]
    lcd.o(.text.LCD_CtrlLinesConfig) refers to stm32g4xx_hal_gpio.o(.text.HAL_GPIO_Init) for HAL_GPIO_Init
    lcd.o(.ARM.exidx.text.LCD_CtrlLinesConfig) refers to lcd.o(.text.LCD_CtrlLinesConfig) for [Anonymous Symbol]
    lcd.o(.text.LCD_ReadReg) refers to stm32g4xx_hal_gpio.o(.text.HAL_GPIO_Init) for HAL_GPIO_Init
    lcd.o(.ARM.exidx.text.LCD_ReadReg) refers to lcd.o(.text.LCD_ReadReg) for [Anonymous Symbol]
    lcd.o(.text.LCD_SetTextColor) refers to lcd.o(.bss.TextColor) for TextColor
    lcd.o(.ARM.exidx.text.LCD_SetTextColor) refers to lcd.o(.text.LCD_SetTextColor) for [Anonymous Symbol]
    lcd.o(.text.LCD_SetBackColor) refers to lcd.o(.data.BackColor) for BackColor
    lcd.o(.ARM.exidx.text.LCD_SetBackColor) refers to lcd.o(.text.LCD_SetBackColor) for [Anonymous Symbol]
    lcd.o(.text.LCD_ClearLine) refers to lcd.o(.rodata.ASCII_Table) for ASCII_Table
    lcd.o(.text.LCD_ClearLine) refers to lcd.o(.text.LCD_DrawChar) for LCD_DrawChar
    lcd.o(.ARM.exidx.text.LCD_ClearLine) refers to lcd.o(.text.LCD_ClearLine) for [Anonymous Symbol]
    lcd.o(.text.LCD_DisplayStringLine) refers to lcd.o(.rodata.ASCII_Table) for ASCII_Table
    lcd.o(.text.LCD_DisplayStringLine) refers to lcd.o(.text.LCD_DrawChar) for LCD_DrawChar
    lcd.o(.ARM.exidx.text.LCD_DisplayStringLine) refers to lcd.o(.text.LCD_DisplayStringLine) for [Anonymous Symbol]
    lcd.o(.text.LCD_Clear) refers to lcd.o(.text.LCD_SetCursor) for LCD_SetCursor
    lcd.o(.ARM.exidx.text.LCD_Clear) refers to lcd.o(.text.LCD_Clear) for [Anonymous Symbol]
    lcd.o(.ARM.exidx.text.LCD_SetCursor) refers to lcd.o(.text.LCD_SetCursor) for [Anonymous Symbol]
    lcd.o(.ARM.exidx.text.LCD_WriteRAM_Prepare) refers to lcd.o(.text.LCD_WriteRAM_Prepare) for [Anonymous Symbol]
[...]
    [Anonymous Symbol]                       0x08002980   Section        0  stm32g4xx_hal_tim.o(.text.HAL_TIM_PWM_MspInit)
    [Anonymous Symbol]                       0x08002984   Section        0  stm32g4xx_hal_tim.o(.text.HAL_TIM_PWM_PulseFinishedCallback)
    [Anonymous Symbol]                       0x08002988   Section        0  stm32g4xx_hal_tim.o(.text.HAL_TIM_PWM_Start_IT)
    [Anonymous Symbol]                       0x08002b20   Section        0  main.o(.text.HAL_TIM_PeriodElapsedCallback)
    [Anonymous Symbol]                       0x08002cbc   Section        0  stm32g4xx_hal_tim.o(.text.HAL_TIM_TriggerCallback)
    [Anonymous Symbol]                       0x08002cc0   Section        0  stm32g4xx_hal_uart_ex.o(.text.HAL_UARTEx_DisableFifoMode)
    [Anonymous Symbol]                       0x08002cf8   Section        0  stm32g4xx_hal_uart.o(.text.HAL_UARTEx_RxEventCallback)
    [Anonymous Symbol]                       0x08002cfc   Section        0  stm32g4xx_hal_uart_ex.o(.text.HAL_UARTEx_RxFifoFullCallback)
    [Anonymous Symbol]                       0x08002d00   Section        0  stm32g4xx_hal_uart_ex.o(.text.HAL_UARTEx_SetRxFifoThreshold)
    [Anonymous Symbol]                       0x08002d90   Section        0  stm32g4xx_hal_uart_ex.o(.text.HAL_UARTEx_SetTxFifoThreshold)
    [Anonymous Symbol]                       0x08002e20   Section        0  stm32g4xx_hal_uart_ex.o(.text.HAL_UARTEx_TxFifoEmptyCallback)
    [Anonymous Symbol]                       0x08002e24   Section        0  stm32g4xx_hal_uart_ex.o(.text.HAL_UARTEx_WakeupCallback)
    [Anonymous Symbol]                       0x08002e28   Section        0  stm32g4xx_hal_uart.o(.text.HAL_UART_ErrorCallback)
    [Anonymous Symbol]                       0x08002e2c   Section        0  stm32g4xx_hal_uart.o(.text.HAL_UART_GetState)
    [Anonymous Symbol]                       0x08002e38   Section        0  stm32g4xx_hal_uart.o(.text.HAL_UART_IRQHandler)
    [Anonymous Symbol]                       0x08003454   Section        0  stm32g4xx_hal_uart.o(.text.HAL_UART_Init)
    [Anonymous Symbol]                       0x080034b8   Section        0  usart.o(.text.HAL_UART_MspInit)
    [Anonymous Symbol]                       0x0800354c   Section        0  stm32g4xx_hal_uart.o(.text.HAL_UART_Receive_IT)
    [Anonymous Symbol]                       0x080035f0   Section        0  main.o(.text.HAL_UART_RxCpltCallback)
    [Anonymous Symbol]                       0x08003664   Section        0  stm32g4xx_hal_uart.o(.text.HAL_UART_Transmit)
    [Anonymous Symbol]                       0x08003754   Section        0  stm32g4xx_hal_uart.o(.text.HAL_UART_TxCpltCallback)
    [Anonymous Symbol]                       0x08003758   Section        0  stm32g4xx_it.o(.text.HardFault_Handler)
    [Anonymous Symbol]                       0x0800375c   Section        0  iic.o(.text.IIC_ReceiveAck)
    [Anonymous Symbol]                       0x080037ac   Section        0  iic.o(.text.IIC_SendByte)
    [Anonymous Symbol]                       0x08003800   Section        0  iic.o(.text.IIC_Start)
    [Anonymous Symbol]                       0x08003850   Section        0  iic.o(.text.IIC_Stop)
    [Anonymous Symbol]                       0x08003890   Section        0  lcd.o(.text.LCD_Clear)
    [Anonymous Symbol]                       0x08003a4c   Section        0  lcd.o(.text.LCD_DisplayStringLine)
    [Anonymous Symbol]                       0x08003a98   Section        0  lcd.o(.text.LCD_DrawChar)
    [Anonymous Symbol]                       0x08003c04   Section        0  lcd.o(.text.LCD_Init)
    [Anonymous Symbol]                       0x08003e34   Section        0  lcd.o(.text.LCD_SetBackColor)
    [Anonymous Symbol]                       0x08003e4c   Section        0  lcd.o(.text.LCD_SetCursor)
    [Anonymous Symbol]                       0x08003f28   Section        0  lcd.o(.text.LCD_SetTextColor)
    [Anonymous Symbol]                       0x08003f40   Section        0  gpio.o(.text.MX_GPIO_Init)
    [Anonymous Symbol]                       0x0800402c   Section        0  tim.o(.text.MX_TIM2_Init)
    [Anonymous Symbol]                       0x0800412c   Section        0  tim.o(.text.MX_TIM6_Init)
    [Anonymous Symbol]                       0x08004180   Section        0  usart.o(.text.MX_USART1_UART_Init)
    [Anonymous Symbol]                       0x0800420c   Section        0  stm32g4xx_it.o(.text.MemManage_Handler)
    [Anonymous Symbol]                       0x08004210   Section        0  stm32g4xx_it.o(.text.NMI_Handler)
    [Anonymous Symbol]                       0x08004214   Section        0  stm32g4xx_it.o(.text.PendSV_Handler)
    [Anonymous Symbol]                       0x08004218   Section        0  lcd.o(.text.REG_8230_Init)
    [Anonymous Symbol]                       0x08004e24   Section        0  lcd.o(.text.REG_932X_Init)
    [Anonymous Symbol]                       0x08006574   Section        0  stm32g4xx_it.o(.text.SVC_Handler)
    [Anonymous Symbol]                       0x08006578   Section        0  stm32g4xx_it.o(.text.SysTick_Handler)
    [Anonymous Symbol]                       0x0800657c   Section        0  system_stm32g4xx.o(.text.SystemInit)
    [Anonymous Symbol]                       0x08006590   Section        0  stm32g4xx_it.o(.text.TIM2_IRQHandler)
    [Anonymous Symbol]                       0x0800659c   Section        0  stm32g4xx_it.o(.text.TIM6_DAC_IRQHandler)
    [Anonymous Symbol]                       0x080065a8   Section        0  stm32g4xx_hal_tim.o(.text.TIM_Base_SetConfig)
    [Anonymous Symbol]                       0x080066bc   Section        0  stm32g4xx_hal_uart.o(.text.UART_AdvFeatureConfig)
    [Anonymous Symbol]                       0x080067a0   Section        0  stm32g4xx_hal_uart.o(.text.UART_CheckIdleState)
    UART_DMAAbortOnError                     0x08006909   Thumb Code    16  stm32g4xx_hal_uart.o(.text.UART_DMAAbortOnError)
    [Anonymous Symbol]                       0x08006908   Section        0  stm32g4xx_hal_uart.o(.text.UART_DMAAbortOnError)
    UART_RxISR_16BIT                         0x08006919   Thumb Code   424  stm32g4xx_hal_uart.o(.text.UART_RxISR_16BIT)
    [Anonymous Symbol]                       0x08006918   Section        0  stm32g4xx_hal_uart.o(.text.UART_RxISR_16BIT)
    UART_RxISR_16BIT_FIFOEN                  0x08006ac1   Thumb Code   786  stm32g4xx_hal_uart.o(.text.UART_RxISR_16BIT_FIFOEN)
    [Anonymous Symbol]                       0x08006ac0   Section        0  stm32g4xx_hal_uart.o(.text.UART_RxISR_16BIT_FIFOEN)
    UART_RxISR_8BIT                          0x08006dd5   Thumb Code   428  stm32g4xx_hal_uart.o(.text.UART_RxISR_8BIT)
    [Anonymous Symbol]                       0x08006dd4   Section        0  stm32g4xx_hal_uart.o(.text.UART_RxISR_8BIT)
    UART_RxISR_8BIT_FIFOEN                   0x08006f81   Thumb Code   790  stm32g4xx_hal_uart.o(.text.UART_RxISR_8BIT_FIFOEN)
    [Anonymous Symbol]                       0x08006f80   Section        0  stm32g4xx_hal_uart.o(.text.UART_RxISR_8BIT_FIFOEN)
    [Anonymous Symbol]                       0x08007298   Section        0  stm32g4xx_hal_uart.o(.text.UART_SetConfig)
    [Anonymous Symbol]                       0x0800751c   Section        0  stm32g4xx_hal_uart.o(.text.UART_Start_Receive_IT)
    [Anonymous Symbol]                       0x0800777c   Section        0  stm32g4xx_hal_uart.o(.text.UART_WaitOnFlagUntilTimeout)
    [Anonymous Symbol]                       0x08007a68   Section        0  stm32g4xx_it.o(.text.USART1_IRQHandler)
    [Anonymous Symbol]                       0x08007ac0   Section        0  stm32g4xx_it.o(.text.UsageFault_Handler)
    [Anonymous Symbol]                       0x08007ac4   Section        0  usart.o(.text._sys_exit)
    [Anonymous Symbol]                       0x08007ac8   Section        0  delay.o(.text.delay_init)
    [Anonymous Symbol]                       0x08007ae0   Section        0  delay.o(.text.delay_ms)
    [Anonymous Symbol]                       0x08007cb4   Section        0  delay.o(.text.delay_us)
    [Anonymous Symbol]                       0x08007d04   Section        0  usart.o(.text.fputc)
    [Anonymous Symbol]                       0x08007d24   Section        0  led.o(.text.led_OFF)
    [Anonymous Symbol]                       0x08007dcc   Section        0  led.o(.text.led_ON)
    [Anonymous Symbol]                       0x08007e78   Section        0  led.o(.text.led_Toggle)
    [Anonymous Symbol]                       0x08007e94   Section        0  led.o(.text.led_init)
    [Anonymous Symbol]                       0x08007f30   Section        0  main.o(.text.main)
    CL$$btod_d2e                             0x080082d0   Section       62  btod.o(CL$$btod_d2e)
    CL$$btod_d2e_denorm_low                  0x0800830e   Section       70  btod.o(CL$$btod_d2e_denorm_low)
    CL$$btod_d2e_norm_op1                    0x08008354   Section       96  btod.o(CL$$btod_d2e_norm_op1)
    CL$$btod_div_common                      0x080083b4   Section      824  btod.o(CL$$btod_div_common)
    CL$$btod_e2e                             0x080086ec   Section      220  btod.o(CL$$btod_e2e)
    CL$$btod_ediv                            0x080087c8   Section       42  btod.o(CL$$btod_ediv)
    CL$$btod_emul                            0x080087f2   Section       42  btod.o(CL$$btod_emul)
    CL$$btod_mult_common                     0x0800881c   Section      580  btod.o(CL$$btod_mult_common)
    i.__ARM_fpclassify                       0x08008a60   Section        0  fpclassify.o(i.__ARM_fpclassify)
    i._is_digit                              0x08008a90   Section        0  __printf_wp.o(i._is_digit)
    locale$$code                             0x08008aa0   Section       44  lc_numeric_c.o(locale$$code)
    $v0                                      0x08008acc   Number         0  daddsub_clz.o(x$fpl$dadd)
    x$fpl$dadd                               0x08008acc   Section      336  daddsub_clz.o(x$fpl$dadd)
    _dadd1                                   0x08008add   Thumb Code     0  daddsub_clz.o(x$fpl$dadd)
    $v0                                      0x08008c1c   Number         0  dfix.o(x$fpl$dfix)
    x$fpl$dfix                               0x08008c1c   Section       94  dfix.o(x$fpl$dfix)
    $v0                                      0x08008c7a   Number         0  dflt_clz.o(x$fpl$dflt)
    x$fpl$dflt                               0x08008c7a   Section       46  dflt_clz.o(x$fpl$dflt)
    $v0                                      0x08008ca8   Number         0  dmul.o(x$fpl$dmul)
    x$fpl$dmul                               0x08008ca8   Section      340  dmul.o(x$fpl$dmul)
    $v0                                      0x08008dfc   Number         0  dnaninf.o(x$fpl$dnaninf)
    x$fpl$dnaninf                            0x08008dfc   Section      156  dnaninf.o(x$fpl$dnaninf)
    $v0                                      0x08008e98   Number         0  dretinf.o(x$fpl$dretinf)
    x$fpl$dretinf                            0x08008e98   Section       12  dretinf.o(x$fpl$dretinf)
    $v0                                      0x08008ea4   Number         0  daddsub_clz.o(x$fpl$dsub)
    x$fpl$dsub                               0x08008ea4   Section      476  daddsub_clz.o(x$fpl$dsub)
    _dsub1                                   0x08008eb5   Thumb Code     0  daddsub_clz.o(x$fpl$dsub)
    $v0                                      0x08009080   Number         0  fpinit.o(x$fpl$fpinit)
    x$fpl$fpinit                             0x08009080   Section       26  fpinit.o(x$fpl$fpinit)
    $v0                                      0x0800909a   Number         0  printf1.o(x$fpl$printf1)
    x$fpl$printf1                            0x0800909a   Section        4  printf1.o(x$fpl$printf1)
    x$fpl$usenofp                            0x0800909e   Section        0  usenofp.o(x$fpl$usenofp)
    tenpwrs_x                                0x080090a0   Data          60  bigflt0.o(.constdata)
    .constdata                               0x080090a0   Section      148  bigflt0.o(.constdata)
    tenpwrs_i                                0x080090dc   Data          64  bigflt0.o(.constdata)
    .Lswitch.table.HAL_TIM_IC_Start_IT       0x0800a334   Data          16  stm32g4xx_hal_tim.o(.rodata.cst16)
    .Lswitch.table.HAL_TIM_IC_Stop_IT        0x0800a344   Data          16  stm32g4xx_hal_tim.o(.rodata.cst16)
    .Lswitch.table.UART_SetConfig.4          0x0800a354   Data          16  stm32g4xx_hal_uart.o(.rodata.cst16)
    UARTEx_SetNbDataToProcess.numerator      0x0800a364   Data           8  stm32g4xx_hal_uart_ex.o(.rodata.cst8)
    [Anonymous Symbol]                       0x0800a364   Section        0  stm32g4xx_hal_uart_ex.o(.rodata.cst8)
    UARTEx_SetNbDataToProcess.denominator    0x0800a36c   Data           8  stm32g4xx_hal_uart_ex.o(.rodata.cst8)
    .L.str.3                                 0x0800a374   Data          14  main.o(.rodata.str1.1)
    [Anonymous Symbol]                       0x0800a374   Section        0  main.o(.rodata.str1.1)
    .L.str.4                                 0x0800a382   Data          14  main.o(.rodata.str1.1)
    locale$$data                             0x0800a3b0   Section       28  lc_numeric_c.o(locale$$data)
    __lcnum_c_name                           0x0800a3b4   Data           2  lc_numeric_c.o(locale$$data)
    __lcnum_c_start                          0x0800a3bc   Data           0  lc_numeric_c.o(locale$$data)
    __lcnum_c_point                          0x0800a3c8   Data           0  lc_numeric_c.o(locale$$data)
    __lcnum_c_thousands                      0x0800a3ca   Data           0  lc_numeric_c.o(locale$$data)
    __lcnum_c_grouping                       0x0800a3cb   Data           0  lc_numeric_c.o(locale$$data)
    __lcnum_c_end                            0x0800a3cc   Data           0  lc_numeric_c.o(locale$$data)
    BackColor                                0x20000000   Data           2  lcd.o(.data.BackColor)
    [Anonymous Symbol]                       0x20000000   Section        0  lcd.o(.data.BackColor)
    .bss                                     0x20000010   Section       96  libspace.o(.bss)
    TextColor                                0x20000070   Data           2  lcd.o(.bss.TextColor)
    [Anonymous Symbol]                       0x20000070   Section        0  lcd.o(.bss.TextColor)
    fac_us                                   0x2000019c   Data           4  delay.o(.bss.fac_us)
    [Anonymous Symbol]                       0x2000019c   Section        0  delay.o(.bss.fac_us)
    Heap_Mem                                 0x20000350   Data         512  startup_stm32g431xx.o(HEAP)
    HEAP                                     0x20000350   Section      512  startup_stm32g431xx.o(HEAP)
    Stack_Mem                                0x20000550   Data        1024  startup_stm32g431xx.o(STACK)
    STACK                                    0x20000550   Section     1024  startup_stm32g431xx.o(STACK)
    __initial_sp                             0x20000950   Data           0  startup_stm32g431xx.o(STACK)

    Global Symbols

    Symbol Name                              Value     Ov Type        Size  Object(Section)

    BuildAttributes$$THM_ISAv4$E$P$D$K$B$S$7EM$VFPi3$EXTD16$VFPS$VFMA$PE$A:L22UL41UL21$X:L11$S22US41US21$IEEE1$IW$~IW$USESV6$~STKCKD$USESV7$~SHL$OTIME$ROPI$IEEEJ$EBA8$UX$STANDARDLIB$REQ8$PRES8$EABIv2 0x00000000   Number         0  anon$$obj.o ABSOLUTE
    _printf_flags                            0x00000000   Number         0  printf_stubs.o ABSOLUTE
    _printf_return_value                     0x00000000   Number         0  printf_stubs.o ABSOLUTE
    _printf_sizespec                         0x00000000   Number         0  printf_stubs.o ABSOLUTE
    _printf_widthprec                        0x00000000   Number         0  printf_stubs.o ABSOLUTE
    __ARM_exceptions_init                     - Undefined Weak Reference
    __alloca_initialize                       - Undefined Weak Reference
    __arm_preinit_                            - Undefined Weak Reference
    __arm_relocate_pie_                       - Undefined Weak Reference
    __cpp_initialize__aeabi_                  - Undefined Weak Reference
    __cxa_finalize                            - Undefined Weak Reference
    __sigvec_lookup                           - Undefined Weak Reference
    _atexit_init                              - Undefined Weak Reference
    _call_atexit_fns                          - Undefined Weak Reference
    _clock_init                               - Undefined Weak Reference
    _fp_trap_init                             - Undefined Weak Reference
    _fp_trap_shutdown                         - Undefined Weak Reference
    _get_lc_collate                           - Undefined Weak Reference
    _get_lc_ctype                             - Undefined Weak Reference
    _get_lc_monetary                          - Undefined Weak Reference
    _get_lc_time                              - Undefined Weak Reference
    _getenv_init                              - Undefined Weak Reference
    _handle_redirection                       - Undefined Weak Reference
    _init_alloc                               - Undefined Weak Reference
    _init_user_alloc                          - Undefined Weak Reference
    _initio                                   - Undefined Weak Reference
    _mutex_acquire                            - Undefined Weak Reference
    _mutex_release                            - Undefined Weak Reference
    _printf_post_padding                      - Undefined Weak Reference
    _printf_pre_padding                       - Undefined Weak Reference
    _printf_truncate_signed                   - Undefined Weak Reference
    _printf_truncate_unsigned                 - Undefined Weak Reference
    _rand_init                                - Undefined Weak Reference
    _signal_finish                            - Undefined Weak Reference
    _signal_init                              - Undefined Weak Reference
    _terminate_alloc                          - Undefined Weak Reference
    _terminate_user_alloc                     - Undefined Weak Reference
    _terminateio                              - Undefined Weak Reference
    __Vectors_Size                           0x000001d8   Number         0  startup_stm32g431xx.o ABSOLUTE
    __Vectors                                0x08000000   Data           4  startup_stm32g431xx.o(RESET)
    __Vectors_End                            0x080001d8   Data           0  startup_stm32g431xx.o(RESET)
    __main                                   0x080001d9   Thumb Code     8  __main.o(!!!main)
    __scatterload                            0x080001e1   Thumb Code     0  __scatter.o(!!!scatter)
    __scatterload_rt2                        0x080001e1   Thumb Code    84  __scatter.o(!!!scatter)
    __scatterload_rt2_thumb_only             0x080001e1   Thumb Code     0  __scatter.o(!!!scatter)
    __scatterload_loop                       0x080001eb   Thumb Code     0  __scatter.o(!!!scatter)
    __scatterload_copy                       0x0800023d   Thumb Code    26  __scatter_copy.o(!!handler_copy)
    __scatterload_null                       0x08000259   Thumb Code     2  __scatter.o(!!handler_null)
    __scatterload_zeroinit                   0x0800025d   Thumb Code    28  __scatter_zi.o(!!handler_zi)
    _printf_f                                0x08000279   Thumb Code     0  _printf_f.o(.ARM.Collect$$_printf_percent$$00000003)
    _printf_percent                          0x08000279   Thumb Code     0  _printf_percent.o(.ARM.Collect$$_printf_percent$$00000000)
    _printf_d                                0x0800027f   Thumb Code     0  _printf_d.o(.ARM.Collect$$_printf_percent$$00000009)
    _printf_percent_end                      0x08000285   Thumb Code     0  _printf_percent_end.o(.ARM.Collect$$_printf_percent$$00000017)
    __rt_lib_init                            0x08000289   Thumb Code     0  libinit.o(.ARM.Collect$$libinit$$00000000)
    __rt_lib_init_fp_1                       0x0800028b   Thumb Code     0  libinit2.o(.ARM.Collect$$libinit$$00000001)
    __rt_lib_init_heap_1                     0x0800028f   Thumb Code     0  libinit2.o(.ARM.Collect$$libinit$$0000000C)
    __rt_lib_init_lc_common                  0x0800028f   Thumb Code     0  libinit2.o(.ARM.Collect$$libinit$$00000011)
    __rt_lib_init_preinit_1                  0x0800028f   Thumb Code     0  libinit2.o(.ARM.Collect$$libinit$$00000006)
    __rt_lib_init_rand_1                     0x0800028f   Thumb Code     0  libinit2.o(.ARM.Collect$$libinit$$00000010)
    __rt_lib_init_relocate_pie_1             0x0800028f   Thumb Code     0  libinit2.o(.ARM.Collect$$libinit$$00000004)
    __rt_lib_init_user_alloc_1               0x0800028f   Thumb Code     0  libinit2.o(.ARM.Collect$$libinit$$0000000E)
    __rt_lib_init_lc_collate_1               0x08000295   Thumb Code     0  libinit2.o(.ARM.Collect$$libinit$$00000013)
    __rt_lib_init_lc_ctype_1                 0x08000295   Thumb Code     0  libinit2.o(.ARM.Collect$$libinit$$00000015)
    __rt_lib_init_lc_monetary_1              0x08000295   Thumb Code     0  libinit2.o(.ARM.Collect$$libinit$$00000017)
    __rt_lib_init_lc_numeric_2               0x08000295   Thumb Code     0  libinit2.o(.ARM.Collect$$libinit$$00000018)
    __rt_lib_init_alloca_1                   0x0800029f   Thumb Code     0  libinit2.o(.ARM.Collect$$libinit$$00000030)
    __rt_lib_init_argv_1                     0x0800029f   Thumb Code     0  libinit2.o(.ARM.Collect$$libinit$$0000002E)
    __rt_lib_init_atexit_1                   0x0800029f   Thumb Code     0  libinit2.o(.ARM.Collect$$libinit$$0000001D)
    __rt_lib_init_clock_1                    0x0800029f   Thumb Code     0  libinit2.o(.ARM.Collect$$libinit$$00000023)
    __rt_lib_init_cpp_1                      0x0800029f   Thumb Code     0  libinit2.o(.ARM.Collect$$libinit$$00000034)
    __rt_lib_init_exceptions_1               0x0800029f   Thumb Code     0  libinit2.o(.ARM.Collect$$libinit$$00000032)
    __rt_lib_init_fp_trap_1                  0x0800029f   Thumb Code     0  libinit2.o(.ARM.Collect$$libinit$$00000021)
    __rt_lib_init_getenv_1                   0x0800029f   Thumb Code     0  libinit2.o(.ARM.Collect$$libinit$$00000025)
    __rt_lib_init_lc_numeric_1               0x0800029f   Thumb Code     0  libinit2.o(.ARM.Collect$$libinit$$00000019)
    __rt_lib_init_lc_time_1                  0x0800029f   Thumb Code     0  libinit2.o(.ARM.Collect$$libinit$$0000001B)
    __rt_lib_init_return                     0x0800029f   Thumb Code     0  libinit2.o(.ARM.Collect$$libinit$$00000035)
    __rt_lib_init_signal_1                   0x0800029f   Thumb Code     0  libinit2.o(.ARM.Collect$$libinit$$0000001F)
    __rt_lib_init_stdio_1                    0x0800029f   Thumb Code     0  libinit2.o(.ARM.Collect$$libinit$$00000027)
    __rt_lib_shutdown                        0x080002a1   Thumb Code     0  libshutdown.o(.ARM.Collect$$libshutdown$$00000000)
    __rt_lib_shutdown_cpp_1                  0x080002a3   Thumb Code     0  libshutdown2.o(.ARM.Collect$$libshutdown$$00000002)
    __rt_lib_shutdown_fp_trap_1              0x080002a3   Thumb Code     0  libshutdown2.o(.ARM.Collect$$libshutdown$$00000007)
    __rt_lib_shutdown_heap_1                 0x080002a3   Thumb Code     0  libshutdown2.o(.ARM.Collect$$libshutdown$$0000000F)
    __rt_lib_shutdown_return                 0x080002a3   Thumb Code     0  libshutdown2.o(.ARM.Collect$$libshutdown$$00000010)
    __rt_lib_shutdown_signal_1               0x080002a3   Thumb Code     0  libshutdown2.o(.ARM.Collect$$libshutdown$$0000000A)
    __rt_lib_shutdown_stdio_1                0x080002a3   Thumb Code     0  libshutdown2.o(.ARM.Collect$$libshutdown$$00000004)
    __rt_lib_shutdown_user_alloc_1           0x080002a3   Thumb Code     0  libshutdown2.o(.ARM.Collect$$libshutdown$$0000000C)
    __rt_entry                               0x080002a5   Thumb Code     0  __rtentry.o(.ARM.Collect$$rtentry$$00000000)
    __rt_entry_presh_1                       0x080002a5   Thumb Code     0  __rtentry2.o(.ARM.Collect$$rtentry$$00000002)
    __rt_entry_sh                            0x080002a5   Thumb Code     0  __rtentry4.o(.ARM.Collect$$rtentry$$00000004)
    __rt_entry_li                            0x080002ab   Thumb Code     0  __rtentry2.o(.ARM.Collect$$rtentry$$0000000A)
    __rt_entry_postsh_1                      0x080002ab   Thumb Code     0  __rtentry2.o(.ARM.Collect$$rtentry$$00000009)
    __rt_entry_main                          0x080002af   Thumb Code     0  __rtentry2.o(.ARM.Collect$$rtentry$$0000000D)
    __rt_entry_postli_1                      0x080002af   Thumb Code     0  __rtentry2.o(.ARM.Collect$$rtentry$$0000000C)
    __rt_exit                                0x080002b7   Thumb Code     0  rtexit.o(.ARM.Collect$$rtexit$$00000000)
    __rt_exit_ls                             0x080002b9   Thumb Code     0  rtexit2.o(.ARM.Collect$$rtexit$$00000003)
    __rt_exit_prels_1                        0x080002b9   Thumb Code     0  rtexit2.o(.ARM.Collect$$rtexit$$00000002)
    __rt_exit_exit                           0x080002bd   Thumb Code     0  rtexit2.o(.ARM.Collect$$rtexit$$00000004)
    Reset_Handler                            0x080002c5   Thumb Code     8  startup_stm32g431xx.o(.text)
    ADC1_2_IRQHandler                        0x080002df   Thumb Code     0  startup_stm32g431xx.o(.text)
    COMP1_2_3_IRQHandler                     0x080002df   Thumb Code     0  startup_stm32g431xx.o(.text)
    COMP4_IRQHandler                         0x080002df   Thumb Code     0  startup_stm32g431xx.o(.text)
    CORDIC_IRQHandler                        0x080002df   Thumb Code     0  startup_stm32g431xx.o(.text)
    CRS_IRQHandler                           0x080002df   Thumb Code     0  startup_stm32g431xx.o(.text)
    DMA1_Channel1_IRQHandler                 0x080002df   Thumb Code     0  startup_stm32g431xx.o(.text)
    DMA1_Channel2_IRQHandler                 0x080002df   Thumb Code     0  startup_stm32g431xx.o(.text)
    DMA1_Channel3_IRQHandler                 0x080002df   Thumb Code     0  startup_stm32g431xx.o(.text)
    DMA1_Channel4_IRQHandler                 0x080002df   Thumb Code     0  startup_stm32g431xx.o(.text)
    DMA1_Channel5_IRQHandler                 0x080002df   Thumb Code     0  startup_stm32g431xx.o(.text)
    DMA1_Channel6_IRQHandler                 0x080002df   Thumb Code     0  startup_stm32g431xx.o(.text)
    DMA2_Channel1_IRQHandler                 0x080002df   Thumb Code     0  startup_stm32g431xx.o(.text)
    DMA2_Channel2_IRQHandler                 0x080002df   Thumb Code     0  startup_stm32g431xx.o(.text)
    DMA2_Channel3_IRQHandler                 0x080002df   Thumb Code     0  startup_stm32g431xx.o(.text)
    DMA2_Channel4_IRQHandler                 0x080002df   Thumb Code     0  startup_stm32g431xx.o(.text)
    DMA2_Channel5_IRQHandler                 0x080002df   Thumb Code     0  startup_stm32g431xx.o(.text)
    DMA2_Channel6_IRQHandler                 0x080002df   Thumb Code     0  startup_stm32g431xx.o(.text)
    DMAMUX_OVR_IRQHandler                    0x080002df   Thumb Code     0  startup_stm32g431xx.o(.text)
    EXTI0_IRQHandler                         0x080002df   Thumb Code     0  startup_stm32g431xx.o(.text)
    EXTI15_10_IRQHandler                     0x080002df   Thumb Code     0  startup_stm32g431xx.o(.text)
    EXTI1_IRQHandler                         0x080002df   Thumb Code     0  startup_stm32g431xx.o(.text)
    EXTI2_IRQHandler                         0x080002df   Thumb Code     0  startup_stm32g431xx.o(.text)
    EXTI3_IRQHandler                         0x080002df   Thumb Code     0  startup_stm32g431xx.o(.text)
    EXTI4_IRQHandler                         0x080002df   Thumb Code     0  startup_stm32g431xx.o(.text)
    EXTI9_5_IRQHandler                       0x080002df   Thumb Code     0  startup_stm32g431xx.o(.text)
    FDCAN1_IT0_IRQHandler                    0x080002df   Thumb Code     0  startup_stm32g431xx.o(.text)
    FDCAN1_IT1_IRQHandler                    0x080002df   Thumb Code     0  startup_stm32g431xx.o(.text)
    FLASH_IRQHandler                         0x080002df   Thumb Code     0  startup_stm32g431xx.o(.text)
    FMAC_IRQHandler                          0x080002df   Thumb Code     0  startup_stm32g431xx.o(.text)
    FPU_IRQHandler                           0x080002df   Thumb Code     0  startup_stm32g431xx.o(.text)
    I2C1_ER_IRQHandler                       0x080002df   Thumb Code     0  startup_stm32g431xx.o(.text)
    I2C1_EV_IRQHandler                       0x080002df   Thumb Code     0  startup_stm32g431xx.o(.text)
    I2C2_ER_IRQHandler                       0x080002df   Thumb Code     0  startup_stm32g431xx.o(.text)
    I2C2_EV_IRQHandler                       0x080002df   Thumb Code     0  startup_stm32g431xx.o(.text)
    I2C3_ER_IRQHandler                       0x080002df   Thumb Code     0  startup_stm32g431xx.o(.text)
    I2C3_EV_IRQHandler                       0x080002df   Thumb Code     0  startup_stm32g431xx.o(.text)
    LPTIM1_IRQHandler                        0x080002df   Thumb Code     0  startup_stm32g431xx.o(.text)
    LPUART1_IRQHandler                       0x080002df   Thumb Code     0  startup_stm32g431xx.o(.text)
    PVD_PVM_IRQHandler                       0x080002df   Thumb Code     0  startup_stm32g431xx.o(.text)
    RCC_IRQHandler                           0x080002df   Thumb Code     0  startup_stm32g431xx.o(.text)
    RNG_IRQHandler                           0x080002df   Thumb Code     0  startup_stm32g431xx.o(.text)
    RTC_Alarm_IRQHandler                     0x080002df   Thumb Code     0  startup_stm32g431xx.o(.text)
    RTC_TAMP_LSECSS_IRQHandler               0x080002df   Thumb Code     0  startup_stm32g431xx.o(.text)
    RTC_WKUP_IRQHandler                      0x080002df   Thumb Code     0  startup_stm32g431xx.o(.text)
    SAI1_IRQHandler                          0x080002df   Thumb Code     0  startup_stm32g431xx.o(.text)
    SPI1_IRQHandler                          0x080002df   Thumb Code     0  startup_stm32g431xx.o(.text)
    SPI2_IRQHandler                          0x080002df   Thumb Code     0  startup_stm32g431xx.o(.text)
    SPI3_IRQHandler                          0x080002df   Thumb Code     0  startup_stm32g431xx.o(.text)
    TIM1_BRK_TIM15_IRQHandler                0x080002df   Thumb Code     0  startup_stm32g431xx.o(.text)
    TIM1_CC_IRQHandler                       0x080002df   Thumb Code     0  startup_stm32g431xx.o(.text)
    TIM1_TRG_COM_TIM17_IRQHandler            0x080002df   Thumb Code     0  startup_stm32g431xx.o(.text)
    TIM1_UP_TIM16_IRQHandler                 0x080002df   Thumb Code     0  startup_stm32g431xx.o(.text)
    TIM3_IRQHandler                          0x080002df   Thumb Code     0  startup_stm32g431xx.o(.text)
    TIM4_IRQHandler                          0x080002df   Thumb Code     0  startup_stm32g431xx.o(.text)
    TIM7_IRQHandler                          0x080002df   Thumb Code     0  startup_stm32g431xx.o(.text)
    TIM8_BRK_IRQHandler                      0x080002df   Thumb Code     0  startup_stm32g431xx.o(.text)
    TIM8_CC_IRQHandler                       0x080002df   Thumb Code     0  startup_stm32g431xx.o(.text)
    TIM8_TRG_COM_IRQHandler                  0x080002df   Thumb Code     0  startup_stm32g431xx.o(.text)
    TIM8_UP_IRQHandler                       0x080002df   Thumb Code     0  startup_stm32g431xx.o(.text)
    UART4_IRQHandler                         0x080002df   Thumb Code     0  startup_stm32g431xx.o(.text)
    UCPD1_IRQHandler                         0x080002df   Thumb Code     0  startup_stm32g431xx.o(.text)
    USART2_IRQHandler                        0x080002df   Thumb Code     0  startup_stm32g431xx.o(.text)
    USART3_IRQHandler                        0x080002df   Thumb Code     0  startup_stm32g431xx.o(.text)
    USBWakeUp_IRQHandler                     0x080002df   Thumb Code     0  startup_stm32g431xx.o(.text)
    USB_HP_IRQHandler                        0x080002df   Thumb Code     0  startup_stm32g431xx.o(.text)
    USB_LP_IRQHandler                        0x080002df   Thumb Code     0  startup_stm32g431xx.o(.text)
    WWDG_IRQHandler                          0x080002df   Thumb Code     0  startup_stm32g431xx.o(.text)
    __user_initial_stackheap                 0x080002e1   Thumb Code     0  startup_stm32g431xx.o(.text)
    __aeabi_uldivmod                         0x08000305   Thumb Code     0  lludivv7m.o(.text)
    _ll_udiv                                 0x08000305   Thumb Code   240  lludivv7m.o(.text)
    __2printf                                0x080003f5   Thumb Code    20  noretval__2printf.o(.text)
    __2sprintf                               0x0800040d   Thumb Code    34  noretval__2sprintf.o(.text)
    _printf_int_dec                          0x08000435   Thumb Code   104  _printf_dec.o(.text)
    __printf                                 0x080004ad   Thumb Code   352  __printf_ss_wp.o(.text)
    __aeabi_memclr4                          0x0800060d   Thumb Code     0  rt_memclr_w.o(.text)
    __aeabi_memclr8                          0x0800060d   Thumb Code     0  rt_memclr_w.o(.text)
    __rt_memclr_w                            0x0800060d   Thumb Code     0  rt_memclr_w.o(.text)
    _memset_w                                0x08000611   Thumb Code    74  rt_memclr_w.o(.text)
    __use_two_region_memory                  0x0800065b   Thumb Code     2  heapauxi.o(.text)
    __rt_heap_escrow$2region                 0x0800065d   Thumb Code     2  heapauxi.o(.text)
    __rt_heap_expand$2region                 0x0800065f   Thumb Code     2  heapauxi.o(.text)
    _printf_int_common                       0x08000661   Thumb Code   178  _printf_intcommon.o(.text)
    _printf_fp_dec_real                      0x080008c3   Thumb Code   620  _printf_fp_dec.o(.text)
    _printf_char_common                      0x08000b3b   Thumb Code    32  _printf_char_common.o(.text)
    _sputc                                   0x08000b61   Thumb Code    10  _sputc.o(.text)
    _printf_char_file                        0x08000b6d   Thumb Code    32  _printf_char_file.o(.text)
    __rt_locale                              0x08000b91   Thumb Code     8  rt_locale_intlibspace.o(.text)
    _ll_udiv10                               0x08000b99   Thumb Code   138  lludiv10.o(.text)
    _printf_fp_infnan                        0x08000c25   Thumb Code   112  _printf_fp_infnan.o(.text)
    _btod_etento                             0x08000ca5   Thumb Code   224  bigflt0.o(.text)
    ferror                                   0x08000d89   Thumb Code     8  ferror.o(.text)
    __user_libspace                          0x08000d91   Thumb Code     8  libspace.o(.text)
    __user_perproc_libspace                  0x08000d91   Thumb Code     0  libspace.o(.text)
    __user_perthread_libspace                0x08000d91   Thumb Code     0  libspace.o(.text)
    __user_setup_stackheap                   0x08000d99   Thumb Code    74  sys_stackheap_outer.o(.text)
    exit                                     0x08000de3   Thumb Code    18  exit.o(.text)
    strcmp                                   0x08000df9   Thumb Code   124  strcmpv7em.o(.text)
    AT24C02_Write                            0x08000e75   Thumb Code    72  at24c02.o(.text.AT24C02_Write)
    BusFault_Handler                         0x08000ebd   Thumb Code     2  stm32g4xx_it.o(.text.BusFault_Handler)
    DebugMon_Handler                         0x08000ec1   Thumb Code     2  stm32g4xx_it.o(.text.DebugMon_Handler)
    Error_Handler                            0x08000ec5   Thumb Code    10  main.o(.text.Error_Handler)
    HAL_DMA_Abort                            0x08000ed1   Thumb Code   110  stm32g4xx_hal_dma.o(.text.HAL_DMA_Abort)
    HAL_DMA_Abort_IT                         0x08000f41   Thumb Code   126  stm32g4xx_hal_dma.o(.text.HAL_DMA_Abort_IT)
    HAL_Delay                                0x08000fc1   Thumb Code    40  stm32g4xx_hal.o(.text.HAL_Delay)
    HAL_GPIO_Init                            0x08000fe9   Thumb Code   412  stm32g4xx_hal_gpio.o(.text.HAL_GPIO_Init)
    HAL_GPIO_ReadPin                         0x08001185   Thumb Code    10  stm32g4xx_hal_gpio.o(.text.HAL_GPIO_ReadPin)
    HAL_GPIO_WritePin                        0x08001191   Thumb Code    12  stm32g4xx_hal_gpio.o(.text.HAL_GPIO_WritePin)
    HAL_GetTick                              0x0800119d   Thumb Code    12  stm32g4xx_hal.o(.text.HAL_GetTick)
    HAL_IncTick                              0x080011a9   Thumb Code    26  stm32g4xx_hal.o(.text.HAL_IncTick)
    HAL_Init                                 0x080011c5   Thumb Code    30  stm32g4xx_hal.o(.text.HAL_Init)
    HAL_InitTick                             0x080011e5   Thumb Code    84  stm32g4xx_hal.o(.text.HAL_InitTick)
    HAL_MspInit                              0x08001239   Thumb Code    52  stm32g4xx_hal_msp.o(.text.HAL_MspInit)
    HAL_NVIC_EnableIRQ                       0x0800126d   Thumb Code    34  stm32g4xx_hal_cortex.o(.text.HAL_NVIC_EnableIRQ)
    HAL_NVIC_SetPriority                     0x08001291   Thumb Code    86  stm32g4xx_hal_cortex.o(.text.HAL_NVIC_SetPriority)
    HAL_NVIC_SetPriorityGrouping             0x080012e9   Thumb Code    32  stm32g4xx_hal_cortex.o(.text.HAL_NVIC_SetPriorityGrouping)
    HAL_PWREx_ControlVoltageScaling          0x08001309   Thumb Code   292  stm32g4xx_hal_pwr_ex.o(.text.HAL_PWREx_ControlVoltageScaling)
    HAL_PWREx_DisableUCPDDeadBattery         0x0800142d   Thumb Code    18  stm32g4xx_hal_pwr_ex.o(.text.HAL_PWREx_DisableUCPDDeadBattery)
    HAL_RCCEx_PeriphCLKConfig                0x08001441   Thumb Code   610  stm32g4xx_hal_rcc_ex.o(.text.HAL_RCCEx_PeriphCLKConfig)
    HAL_RCC_ClockConfig                      0x080016a5   Thumb Code   772  stm32g4xx_hal_rcc.o(.text.HAL_RCC_ClockConfig)
    HAL_RCC_GetPCLK1Freq                     0x080019a9   Thumb Code    42  stm32g4xx_hal_rcc.o(.text.HAL_RCC_GetPCLK1Freq)
    HAL_RCC_GetPCLK2Freq                     0x080019d5   Thumb Code    42  stm32g4xx_hal_rcc.o(.text.HAL_RCC_GetPCLK2Freq)
    HAL_RCC_GetSysClockFreq                  0x08001a01   Thumb Code   130  stm32g4xx_hal_rcc.o(.text.HAL_RCC_GetSysClockFreq)
    HAL_RCC_OscConfig                        0x08001a85   Thumb Code  1176  stm32g4xx_hal_rcc.o(.text.HAL_RCC_OscConfig)
    HAL_SYSTICK_CLKSourceConfig              0x08001f1d   Thumb Code    24  stm32g4xx_hal_cortex.o(.text.HAL_SYSTICK_CLKSourceConfig)
    HAL_SYSTICK_Config                       0x08001f35   Thumb Code    44  stm32g4xx_hal_cortex.o(.text.HAL_SYSTICK_Config)
    HAL_TIMEx_Break2Callback                 0x08001f61   Thumb Code     2  stm32g4xx_hal_tim_ex.o(.text.HAL_TIMEx_Break2Callback)
    HAL_TIMEx_BreakCallback                  0x08001f65   Thumb Code     2  stm32g4xx_hal_tim_ex.o(.text.HAL_TIMEx_BreakCallback)
    HAL_TIMEx_CommutCallback                 0x08001f69   Thumb Code     2  stm32g4xx_hal_tim_ex.o(.text.HAL_TIMEx_CommutCallback)
    HAL_TIMEx_DirectionChangeCallback        0x08001f6d   Thumb Code     2  stm32g4xx_hal_tim_ex.o(.text.HAL_TIMEx_DirectionChangeCallback)
    HAL_TIMEx_EncoderIndexCallback           0x08001f71   Thumb Code     2  stm32g4xx_hal_tim_ex.o(.text.HAL_TIMEx_EncoderIndexCallback)
    HAL_TIMEx_IndexErrorCallback             0x08001f75   Thumb Code     2  stm32g4xx_hal_tim_ex.o(.text.HAL_TIMEx_IndexErrorCallback)
    HAL_TIMEx_MasterConfigSynchronization    0x08001f79   Thumb Code   166  stm32g4xx_hal_tim_ex.o(.text.HAL_TIMEx_MasterConfigSynchronization)
    HAL_TIMEx_TransitionErrorCallback        0x08002021   Thumb Code     2  stm32g4xx_hal_tim_ex.o(.text.HAL_TIMEx_TransitionErrorCallback)
    HAL_TIM_Base_Init                        0x08002025   Thumb Code    98  stm32g4xx_hal_tim.o(.text.HAL_TIM_Base_Init)
    HAL_TIM_Base_MspInit                     0x08002089   Thumb Code   108  tim.o(.text.HAL_TIM_Base_MspInit)
    HAL_TIM_Base_Start_IT                    0x080020f5   Thumb Code   146  stm32g4xx_hal_tim.o(.text.HAL_TIM_Base_Start_IT)
    HAL_TIM_ConfigClockSource                0x08002189   Thumb Code   502  stm32g4xx_hal_tim.o(.text.HAL_TIM_ConfigClockSource)
    HAL_TIM_IC_CaptureCallback               0x08002381   Thumb Code     2  stm32g4xx_hal_tim.o(.text.HAL_TIM_IC_CaptureCallback)
    HAL_TIM_IRQHandler                       0x08002385   Thumb Code   454  stm32g4xx_hal_tim.o(.text.HAL_TIM_IRQHandler)
    HAL_TIM_OC_DelayElapsedCallback          0x0800254d   Thumb Code     2  stm32g4xx_hal_tim.o(.text.HAL_TIM_OC_DelayElapsedCallback)
    HAL_TIM_PWM_ConfigChannel                0x08002551   Thumb Code   972  stm32g4xx_hal_tim.o(.text.HAL_TIM_PWM_ConfigChannel)
    HAL_TIM_PWM_Init                         0x0800291d   Thumb Code    98  stm32g4xx_hal_tim.o(.text.HAL_TIM_PWM_Init)
    HAL_TIM_PWM_MspInit                      0x08002981   Thumb Code     2  stm32g4xx_hal_tim.o(.text.HAL_TIM_PWM_MspInit)
    HAL_TIM_PWM_PulseFinishedCallback        0x08002985   Thumb Code     2  stm32g4xx_hal_tim.o(.text.HAL_TIM_PWM_PulseFinishedCallback)
    HAL_TIM_PWM_Start_IT                     0x08002989   Thumb Code   406  stm32g4xx_hal_tim.o(.text.HAL_TIM_PWM_Start_IT)
    HAL_TIM_PeriodElapsedCallback            0x08002b21   Thumb Code   312  main.o(.text.HAL_TIM_PeriodElapsedCallback)
    HAL_TIM_TriggerCallback                  0x08002cbd   Thumb Code     2  stm32g4xx_hal_tim.o(.text.HAL_TIM_TriggerCallback)
    HAL_UARTEx_DisableFifoMode               0x08002cc1   Thumb Code    54  stm32g4xx_hal_uart_ex.o(.text.HAL_UARTEx_DisableFifoMode)
    HAL_UARTEx_RxEventCallback               0x08002cf9   Thumb Code     2  stm32g4xx_hal_uart.o(.text.HAL_UARTEx_RxEventCallback)
    HAL_UARTEx_RxFifoFullCallback            0x08002cfd   Thumb Code     2  stm32g4xx_hal_uart_ex.o(.text.HAL_UARTEx_RxFifoFullCallback)
    HAL_UARTEx_SetRxFifoThreshold            0x08002d01   Thumb Code   144  stm32g4xx_hal_uart_ex.o(.text.HAL_UARTEx_SetRxFifoThreshold)
    HAL_UARTEx_SetTxFifoThreshold            0x08002d91   Thumb Code   144  stm32g4xx_hal_uart_ex.o(.text.HAL_UARTEx_SetTxFifoThreshold)
    HAL_UARTEx_TxFifoEmptyCallback           0x08002e21   Thumb Code     2  stm32g4xx_hal_uart_ex.o(.text.HAL_UARTEx_TxFifoEmptyCallback)
    HAL_UARTEx_WakeupCallback                0x08002e25   Thumb Code     2  stm32g4xx_hal_uart_ex.o(.text.HAL_UARTEx_WakeupCallback)
    HAL_UART_ErrorCallback                   0x08002e29   Thumb Code     2  stm32g4xx_hal_uart.o(.text.HAL_UART_ErrorCallback)
    HAL_UART_GetState                        0x08002e2d   Thumb Code    12  stm32g4xx_hal_uart.o(.text.HAL_UART_GetState)
    HAL_UART_IRQHandler                      0x08002e39   Thumb Code  1562  stm32g4xx_hal_uart.o(.text.HAL_UART_IRQHandler)
    HAL_UART_Init                            0x08003455   Thumb Code    98  stm32g4xx_hal_uart.o(.text.HAL_UART_Init)
    HAL_UART_MspInit                         0x080034b9   Thumb Code   148  usart.o(.text.HAL_UART_MspInit)
    HAL_UART_Receive_IT                      0x0800354d   Thumb Code   164  stm32g4xx_hal_uart.o(.text.HAL_UART_Receive_IT)
    HAL_UART_RxCpltCallback                  0x080035f1   Thumb Code   114  main.o(.text.HAL_UART_RxCpltCallback)
    HAL_UART_Transmit                        0x08003665   Thumb Code   240  stm32g4xx_hal_uart.o(.text.HAL_UART_Transmit)
    HAL_UART_TxCpltCallback                  0x08003755   Thumb Code     2  stm32g4xx_hal_uart.o(.text.HAL_UART_TxCpltCallback)
    HardFault_Handler                        0x08003759   Thumb Code     2  stm32g4xx_it.o(.text.HardFault_Handler)
    IIC_ReceiveAck                           0x0800375d   Thumb Code    78  iic.o(.text.IIC_ReceiveAck)
    IIC_SendByte                             0x080037ad   Thumb Code    84  iic.o(.text.IIC_SendByte)
    IIC_Start                                0x08003801   Thumb Code    78  iic.o(.text.IIC_Start)
    IIC_Stop                                 0x08003851   Thumb Code    62  iic.o(.text.IIC_Stop)
    LCD_Clear                                0x08003891   Thumb Code   444  lcd.o(.text.LCD_Clear)
    LCD_DisplayStringLine                    0x08003a4d   Thumb Code    76  lcd.o(.text.LCD_DisplayStringLine)
    LCD_DrawChar                             0x08003a99   Thumb Code   364  lcd.o(.text.LCD_DrawChar)
    LCD_Init                                 0x08003c05   Thumb Code   558  lcd.o(.text.LCD_Init)
    LCD_SetBackColor                         0x08003e35   Thumb Code    24  lcd.o(.text.LCD_SetBackColor)
    LCD_SetCursor                            0x08003e4d   Thumb Code   220  lcd.o(.text.LCD_SetCursor)
    LCD_SetTextColor                         0x08003f29   Thumb Code    24  lcd.o(.text.LCD_SetTextColor)
    MX_GPIO_Init                             0x08003f41   Thumb Code   234  gpio.o(.text.MX_GPIO_Init)
    MX_TIM2_Init                             0x0800402d   Thumb Code   256  tim.o(.text.MX_TIM2_Init)
    MX_TIM6_Init                             0x0800412d   Thumb Code    82  tim.o(.text.MX_TIM6_Init)
    MX_USART1_UART_Init                      0x08004181   Thumb Code   140  usart.o(.text.MX_USART1_UART_Init)
    MemManage_Handler                        0x0800420d   Thumb Code     2  stm32g4xx_it.o(.text.MemManage_Handler)
    NMI_Handler                              0x08004211   Thumb Code     2  stm32g4xx_it.o(.text.NMI_Handler)
    PendSV_Handler                           0x08004215   Thumb Code     2  stm32g4xx_it.o(.text.PendSV_Handler)
    REG_8230_Init                            0x08004219   Thumb Code  3084  lcd.o(.text.REG_8230_Init)
    REG_932X_Init                            0x08004e25   Thumb Code  5966  lcd.o(.text.REG_932X_Init)
    SVC_Handler                              0x08006575   Thumb Code     2  stm32g4xx_it.o(.text.SVC_Handler)
    SysTick_Handler                          0x08006579   Thumb Code     4  stm32g4xx_it.o(.text.SysTick_Handler)
    SystemInit                               0x0800657d   Thumb Code    18  system_stm32g4xx.o(.text.SystemInit)
    TIM2_IRQHandler                          0x08006591   Thumb Code    12  stm32g4xx_it.o(.text.TIM2_IRQHandler)
    TIM6_DAC_IRQHandler                      0x0800659d   Thumb Code    12  stm32g4xx_it.o(.text.TIM6_DAC_IRQHandler)
    TIM_Base_SetConfig                       0x080065a9   Thumb Code   276  stm32g4xx_hal_tim.o(.text.TIM_Base_SetConfig)
    UART_AdvFeatureConfig                    0x080066bd   Thumb Code   226  stm32g4xx_hal_uart.o(.text.UART_AdvFeatureConfig)
    UART_CheckIdleState                      0x080067a1   Thumb Code   358  stm32g4xx_hal_uart.o(.text.UART_CheckIdleState)
    UART_SetConfig                           0x08007299   Thumb Code   628  stm32g4xx_hal_uart.o(.text.UART_SetConfig)
    UART_Start_Receive_IT                    0x0800751d   Thumb Code   606  stm32g4xx_hal_uart.o(.text.UART_Start_Receive_IT)
    UART_WaitOnFlagUntilTimeout              0x0800777d   Thumb Code   746  stm32g4xx_hal_uart.o(.text.UART_WaitOnFlagUntilTimeout)
    USART1_IRQHandler                        0x08007a69   Thumb Code    88  stm32g4xx_it.o(.text.USART1_IRQHandler)
    UsageFault_Handler                       0x08007ac1   Thumb Code     2  stm32g4xx_it.o(.text.UsageFault_Handler)
    _sys_exit                                0x08007ac5   Thumb Code     2  usart.o(.text._sys_exit)
    delay_init                               0x08007ac9   Thumb Code    22  delay.o(.text.delay_init)
    delay_ms                                 0x08007ae1   Thumb Code   466  delay.o(.text.delay_ms)
    delay_us                                 0x08007cb5   Thumb Code    78  delay.o(.text.delay_us)
    fputc                                    0x08007d05   Thumb Code    30  usart.o(.text.fputc)
    led_OFF                                  0x08007d25   Thumb Code   168  led.o(.text.led_OFF)
    led_ON                                   0x08007dcd   Thumb Code   172  led.o(.text.led_ON)
    led_Toggle                               0x08007e79   Thumb Code    28  led.o(.text.led_Toggle)
    led_init                                 0x08007e95   Thumb Code   152  led.o(.text.led_init)
    main                                     0x08007f31   Thumb Code   880  main.o(.text.main)
    _btod_d2e                                0x080082d1   Thumb Code    62  btod.o(CL$$btod_d2e)
    _d2e_denorm_low                          0x0800830f   Thumb Code    70  btod.o(CL$$btod_d2e_denorm_low)
    _d2e_norm_op1                            0x08008355   Thumb Code    96  btod.o(CL$$btod_d2e_norm_op1)
    __btod_div_common                        0x080083b5   Thumb Code   696  btod.o(CL$$btod_div_common)
    _e2e                                     0x080086ed   Thumb Code   220  btod.o(CL$$btod_e2e)
    _btod_ediv                               0x080087c9   Thumb Code    42  btod.o(CL$$btod_ediv)
    _btod_emul                               0x080087f3   Thumb Code    42  btod.o(CL$$btod_emul)
    __btod_mult_common                       0x0800881d   Thumb Code   580  btod.o(CL$$btod_mult_common)
    __ARM_fpclassify                         0x08008a61   Thumb Code    48  fpclassify.o(i.__ARM_fpclassify)
    _is_digit                                0x08008a91   Thumb Code    14  __printf_wp.o(i._is_digit)
    _get_lc_numeric                          0x08008aa1   Thumb Code    44  lc_numeric_c.o(locale$$code)
    __aeabi_dadd                             0x08008acd   Thumb Code     0  daddsub_clz.o(x$fpl$dadd)
    _dadd                                    0x08008acd   Thumb Code   332  daddsub_clz.o(x$fpl$dadd)
    __aeabi_d2iz                             0x08008c1d   Thumb Code     0  dfix.o(x$fpl$dfix)
    _dfix                                    0x08008c1d   Thumb Code    94  dfix.o(x$fpl$dfix)
    __aeabi_i2d                              0x08008c7b   Thumb Code     0  dflt_clz.o(x$fpl$dflt)
    _dflt                                    0x08008c7b   Thumb Code    46  dflt_clz.o(x$fpl$dflt)
    __aeabi_dmul                             0x08008ca9   Thumb Code     0  dmul.o(x$fpl$dmul)
    _dmul                                    0x08008ca9   Thumb Code   332  dmul.o(x$fpl$dmul)
    __fpl_dnaninf                            0x08008dfd   Thumb Code   156  dnaninf.o(x$fpl$dnaninf)
    __fpl_dretinf                            0x08008e99   Thumb Code    12  dretinf.o(x$fpl$dretinf)
    __aeabi_dsub                             0x08008ea5   Thumb Code     0  daddsub_clz.o(x$fpl$dsub)
    _dsub                                    0x08008ea5   Thumb Code   472  daddsub_clz.o(x$fpl$dsub)
    _fp_init                                 0x08009081   Thumb Code    26  fpinit.o(x$fpl$fpinit)
    __fplib_config_fpu_vfp                   0x08009099   Thumb Code     0  fpinit.o(x$fpl$fpinit)
    __fplib_config_pureend_doubles           0x08009099   Thumb Code     0  fpinit.o(x$fpl$fpinit)
    _printf_fp_dec                           0x0800909b   Thumb Code     4  printf1.o(x$fpl$printf1)
    __I$use$fp                               0x0800909e   Number         0  usenofp.o(x$fpl$usenofp)
    AHBPrescTable                            0x08009134   Data          16  system_stm32g4xx.o(.rodata.AHBPrescTable)
    APBPrescTable                            0x08009144   Data           8  system_stm32g4xx.o(.rodata.APBPrescTable)
    ASCII_Table                              0x0800914c   Data        4560  lcd.o(.rodata.ASCII_Table)
    UARTPrescTable                           0x0800a31c   Data          24  stm32g4xx_hal_uart.o(.rodata.UARTPrescTable)
    Region$$Table$$Base                      0x0800a390   Number         0  anon$$obj.o(Region$$Table)
    Region$$Table$$Limit                     0x0800a3b0   Number         0  anon$$obj.o(Region$$Table)
    SystemCoreClock                          0x20000004   Data           4  system_stm32g4xx.o(.data.SystemCoreClock)
    uwTickFreq                               0x20000008   Data           4  stm32g4xx_hal.o(.data.uwTickFreq)
    uwTickPrio                               0x2000000c   Data           4  stm32g4xx_hal.o(.data.uwTickPrio)
    __libspace_start                         0x20000010   Data          96  libspace.o(.bss)
    __temporary_stack_top$libspace           0x20000070   Data           0  libspace.o(.bss)
    USART1_RECEIVE_ARRAY                     0x20000074   Data         200  usart.o(.bss.USART1_RECEIVE_ARRAY)
    USART1_RECEIVE_DATA                      0x2000013c   Data           1  usart.o(.bss.USART1_RECEIVE_DATA)
    USART1_RECEIVE_STATE                     0x2000013e   Data           2  usart.o(.bss.USART1_RECEIVE_STATE)
    __stdout                                 0x20000140   Data          84  usart.o(.bss.__stdout)
    counter                                  0x20000194   Data           4  main.o(.bss.counter)
    dummy                                    0x20000198   Data           2  lcd.o(.bss.dummy)
    found                                    0x200001a0   Data           1  main.o(.bss.found)
    htim2                                    0x200001a4   Data          76  tim.o(.bss.htim2)
    htim6                                    0x200001f0   Data          76  tim.o(.bss.htim6)
    huart1                                   0x2000023c   Data         148  usart.o(.bss.huart1)
    led_buff                                 0x200002d0   Data           1  led.o(.bss.led_buff)
    led_state                                0x200002d4   Data          32  led.o(.bss.led_state)
    member                                   0x200002f8   Data          48  main.o(.bss.member)
    mode                                     0x20000328   Data           4  main.o(.bss.mode)
    text                                     0x2000032c   Data          30  main.o(.bss.text)
    uwTick                                   0x2000034c   Data           4  stm32g4xx_hal.o(.bss.uwTick)



==============================================================================

Memory Map of the image

  Image Entry point : 0x080001d9

  Load Region LR_IROM1 (Base: 0x08000000, Size: 0x0000a3e0, Max: 0x00020000, ABSOLUTE)

    Execution Region ER_IROM1 (Exec base: 0x08000000, Load base: 0x08000000, Size: 0x0000a3cc, Max: 0x00020000, ABSOLUTE)

    Exec Addr    Load Addr    Size         Type   Attr      Idx    E Section Name        Object

    0x08000000   0x08000000   0x000001d8   Data   RO            3    RESET               startup_stm32g431xx.o
    0x080001d8   0x080001d8   0x00000008   Code   RO         1405  * !!!main             c_w.l(__main.o)
    0x080001e0   0x080001e0   0x0000005c   Code   RO         1669    !!!scatter          c_w.l(__scatter.o)
    0x0800023c   0x0800023c   0x0000001a   Code   RO         1673    !!handler_copy      c_w.l(__scatter_copy.o)
    0x08000256   0x08000256   0x00000002   PAD
    0x08000258   0x08000258   0x00000002   Code   RO         1670    !!handler_null      c_w.l(__scatter.o)
    0x0800025a   0x0800025a   0x00000002   PAD
    0x0800025c   0x0800025c   0x0000001c   Code   RO         1675    !!handler_zi        c_w.l(__scatter_zi.o)
    0x08000278   0x08000278   0x00000000   Code   RO         1400    .ARM.Collect$$_printf_percent$$00000000  c_w.l(_printf_percent.o)
    0x08000278   0x08000278   0x00000006   Code   RO         1399    .ARM.Collect$$_printf_percent$$00000003  c_w.l(_printf_f.o)
    0x0800027e   0x0800027e   0x00000006   Code   RO         1398    .ARM.Collect$$_printf_percent$$00000009  c_w.l(_printf_d.o)
    0x08000284   0x08000284   0x00000004   Code   RO         1444    .ARM.Collect$$_printf_percent$$00000017  c_w.l(_printf_percent_end.o)
    0x08000288   0x08000288   0x00000002   Code   RO         1536    .ARM.Collect$$libinit$$00000000  c_w.l(libinit.o)
    0x0800028a   0x0800028a   0x00000004   Code   RO         1537    .ARM.Collect$$libinit$$00000001  c_w.l(libinit2.o)
    0x0800028e   0x0800028e   0x00000000   Code   RO         1540    .ARM.Collect$$libinit$$00000004  c_w.l(libinit2.o)
    0x0800028e   0x0800028e   0x00000000   Code   RO         1542    .ARM.Collect$$libinit$$00000006  c_w.l(libinit2.o)
    0x0800028e   0x0800028e   0x00000000   Code   RO         1545    .ARM.Collect$$libinit$$0000000C  c_w.l(libinit2.o)
    0x0800028e   0x0800028e   0x00000000   Code   RO         1547    .ARM.Collect$$libinit$$0000000E  c_w.l(libinit2.o)
    0x0800028e   0x0800028e   0x00000000   Code   RO         1549    .ARM.Collect$$libinit$$00000010  c_w.l(libinit2.o)
    0x0800028e   0x0800028e   0x00000006   Code   RO         1550    .ARM.Collect$$libinit$$00000011  c_w.l(libinit2.o)
    0x08000294   0x08000294   0x00000000   Code   RO         1552    .ARM.Collect$$libinit$$00000013  c_w.l(libinit2.o)
    0x08000294   0x08000294   0x00000000   Code   RO         1554    .ARM.Collect$$libinit$$00000015  c_w.l(libinit2.o)
    0x08000294   0x08000294   0x00000000   Code   RO         1556    .ARM.Collect$$libinit$$00000017  c_w.l(libinit2.o)
    0x08000294   0x08000294   0x0000000a   Code   RO         1557    .ARM.Collect$$libinit$$00000018  c_w.l(libinit2.o)
    0x0800029e   0x0800029e   0x00000000   Code   RO         1558    .ARM.Collect$$libinit$$00000019  c_w.l(libinit2.o)
    0x0800029e   0x0800029e   0x00000000   Code   RO         1560    .ARM.Collect$$libinit$$0000001B  c_w.l(libinit2.o)
    0x0800029e   0x0800029e   0x00000000   Code   RO         1562    .ARM.Collect$$libinit$$0000001D  c_w.l(libinit2.o)
    0x0800029e   0x0800029e   0x00000000   Code   RO         1564    .ARM.Collect$$libinit$$0000001F  c_w.l(libinit2.o)
    0x0800029e   0x0800029e   0x00000000   Code   RO         1566    .ARM.Collect$$libinit$$00000021  c_w.l(libinit2.o)
    0x0800029e   0x0800029e   0x00000000   Code   RO         1568    .ARM.Collect$$libinit$$00000023  c_w.l(libinit2.o)
    0x0800029e   0x0800029e   0x00000000   Code   RO         1570    .ARM.Collect$$libinit$$00000025  c_w.l(libinit2.o)
    0x0800029e   0x0800029e   0x00000000   Code   RO         1572    .ARM.Collect$$libinit$$00000027  c_w.l(libinit2.o)
    0x0800029e   0x0800029e   0x00000000   Code   RO         1576    .ARM.Collect$$libinit$$0000002E  c_w.l(libinit2.o)
    0x0800029e   0x0800029e   0x00000000   Code   RO         1578    .ARM.Collect$$libinit$$00000030  c_w.l(libinit2.o)
    0x0800029e   0x0800029e   0x00000000   Code   RO         1580    .ARM.Collect$$libinit$$00000032  c_w.l(libinit2.o)
    0x0800029e   0x0800029e   0x00000000   Code   RO         1582    .ARM.Collect$$libinit$$00000034  c_w.l(libinit2.o)
    0x0800029e   0x0800029e   0x00000002   Code   RO         1583    .ARM.Collect$$libinit$$00000035  c_w.l(libinit2.o)
    0x080002a0   0x080002a0   0x00000002   Code   RO         1631    .ARM.Collect$$libshutdown$$00000000  c_w.l(libshutdown.o)
    0x080002a2   0x080002a2   0x00000000   Code   RO         1652    .ARM.Collect$$libshutdown$$00000002  c_w.l(libshutdown2.o)
    0x080002a2   0x080002a2   0x00000000   Code   RO         1654    .ARM.Collect$$libshutdown$$00000004  c_w.l(libshutdown2.o)
    0x080002a2   0x080002a2   0x00000000   Code   RO         1657    .ARM.Collect$$libshutdown$$00000007  c_w.l(libshutdown2.o)
    0x080002a2   0x080002a2   0x00000000   Code   RO         1660    .ARM.Collect$$libshutdown$$0000000A  c_w.l(libshutdown2.o)
    0x080002a2   0x080002a2   0x00000000   Code   RO         1662    .ARM.Collect$$libshutdown$$0000000C  c_w.l(libshutdown2.o)
    0x080002a2   0x080002a2   0x00000000   Code   RO         1665    .ARM.Collect$$libshutdown$$0000000F  c_w.l(libshutdown2.o)
    0x080002a2   0x080002a2   0x00000002   Code   RO         1666    .ARM.Collect$$libshutdown$$00000010  c_w.l(libshutdown2.o)
    0x080002a4   0x080002a4   0x00000000   Code   RO         1427    .ARM.Collect$$rtentry$$00000000  c_w.l(__rtentry.o)
    0x080002a4   0x080002a4   0x00000000   Code   RO         1451    .ARM.Collect$$rtentry$$00000002  c_w.l(__rtentry2.o)
    0x080002a4   0x080002a4   0x00000006   Code   RO         1463    .ARM.Collect$$rtentry$$00000004  c_w.l(__rtentry4.o)
    0x080002aa   0x080002aa   0x00000000   Code   RO         1453    .ARM.Collect$$rtentry$$00000009  c_w.l(__rtentry2.o)
    0x080002aa   0x080002aa   0x00000004   Code   RO         1454    .ARM.Collect$$rtentry$$0000000A  c_w.l(__rtentry2.o)
    0x080002ae   0x080002ae   0x00000000   Code   RO         1456    .ARM.Collect$$rtentry$$0000000C  c_w.l(__rtentry2.o)
    0x080002ae   0x080002ae   0x00000008   Code   RO         1457    .ARM.Collect$$rtentry$$0000000D  c_w.l(__rtentry2.o)
    0x080002b6   0x080002b6   0x00000002   Code   RO         1584    .ARM.Collect$$rtexit$$00000000  c_w.l(rtexit.o)
    0x080002b8   0x080002b8   0x00000000   Code   RO         1599    .ARM.Collect$$rtexit$$00000002  c_w.l(rtexit2.o)
    0x080002b8   0x080002b8   0x00000004   Code   RO         1600    .ARM.Collect$$rtexit$$00000003  c_w.l(rtexit2.o)
    0x080002bc   0x080002bc   0x00000006   Code   RO         1601    .ARM.Collect$$rtexit$$00000004  c_w.l(rtexit2.o)
    0x080002c2   0x080002c2   0x00000002   PAD
    0x080002c4   0x080002c4   0x00000040   Code   RO            4    .text               startup_stm32g431xx.o
    0x08000304   0x08000304   0x000000f0   Code   RO         1364    .text               c_w.l(lludivv7m.o)
    0x080003f4   0x080003f4   0x00000018   Code   RO         1370    .text               c_w.l(noretval__2printf.o)
    0x0800040c   0x0800040c   0x00000028   Code   RO         1372    .text               c_w.l(noretval__2sprintf.o)
    0x08000434   0x08000434   0x00000078   Code   RO         1376    .text               c_w.l(_printf_dec.o)
    0x080004ac   0x080004ac   0x00000160   Code   RO         1393    .text               c_w.l(__printf_ss_wp.o)
    0x0800060c   0x0800060c   0x0000004e   Code   RO         1401    .text               c_w.l(rt_memclr_w.o)
    0x0800065a   0x0800065a   0x00000006   Code   RO         1403    .text               c_w.l(heapauxi.o)
    0x08000660   0x08000660   0x000000b2   Code   RO         1432    .text               c_w.l(_printf_intcommon.o)
    0x08000712   0x08000712   0x0000041c   Code   RO         1434    .text               c_w.l(_printf_fp_dec.o)
    0x08000b2e   0x08000b2e   0x00000002   PAD
    0x08000b30   0x08000b30   0x00000030   Code   RO         1438    .text               c_w.l(_printf_char_common.o)
    0x08000b60   0x08000b60   0x0000000a   Code   RO         1440    .text               c_w.l(_sputc.o)
    0x08000b6a   0x08000b6a   0x00000002   PAD
    0x08000b6c   0x08000b6c   0x00000024   Code   RO         1442    .text               c_w.l(_printf_char_file.o)
    0x08000b90   0x08000b90   0x00000008   Code   RO         1470    .text               c_w.l(rt_locale_intlibspace.o)
    0x08000b98   0x08000b98   0x0000008a   Code   RO         1472    .text               c_w.l(lludiv10.o)
    0x08000c22   0x08000c22   0x00000002   PAD
    0x08000c24   0x08000c24   0x00000080   Code   RO         1474    .text               c_w.l(_printf_fp_infnan.o)
    0x08000ca4   0x08000ca4   0x000000e4   Code   RO         1478    .text               c_w.l(bigflt0.o)
    0x08000d88   0x08000d88   0x00000008   Code   RO         1505    .text               c_w.l(ferror.o)
    0x08000d90   0x08000d90   0x00000008   Code   RO         1516    .text               c_w.l(libspace.o)
    0x08000d98   0x08000d98   0x0000004a   Code   RO         1519    .text               c_w.l(sys_stackheap_outer.o)
    0x08000de2   0x08000de2   0x00000012   Code   RO         1523    .text               c_w.l(exit.o)
    0x08000df4   0x08000df4   0x00000004   PAD
    0x08000df8   0x08000df8   0x0000007c   Code   RO         1529    .text               c_w.l(strcmpv7em.o)
    0x08000e74   0x08000e74   0x00000048   Code   RO          107    .text.AT24C02_Write  at24c02.o
    0x08000ebc   0x08000ebc   0x00000002   Code   RO          246    .text.BusFault_Handler  stm32g4xx_it.o
    0x08000ebe   0x08000ebe   0x00000002   PAD
    0x08000ec0   0x08000ec0   0x00000002   Code   RO          252    .text.DebugMon_Handler  stm32g4xx_it.o
    0x08000ec2   0x08000ec2   0x00000002   PAD
    0x08000ec4   0x08000ec4   0x0000000a   Code   RO          168    .text.Error_Handler  main.o
    0x08000ece   0x08000ece   0x00000002   PAD
    0x08000ed0   0x08000ed0   0x0000006e   Code   RO         1035    .text.HAL_DMA_Abort  stm32g4xx_hal_dma.o
    0x08000f3e   0x08000f3e   0x00000002   PAD
    0x08000f40   0x08000f40   0x0000007e   Code   RO         1037    .text.HAL_DMA_Abort_IT  stm32g4xx_hal_dma.o
    0x08000fbe   0x08000fbe   0x00000002   PAD
    0x08000fc0   0x08000fc0   0x00000028   Code   RO          756    .text.HAL_Delay     stm32g4xx_hal.o
    0x08000fe8   0x08000fe8   0x0000019c   Code   RO          977    .text.HAL_GPIO_Init  stm32g4xx_hal_gpio.o
    0x08001184   0x08001184   0x0000000a   Code   RO          981    .text.HAL_GPIO_ReadPin  stm32g4xx_hal_gpio.o
    0x0800118e   0x0800118e   0x00000002   PAD
    0x08001190   0x08001190   0x0000000c   Code   RO          983    .text.HAL_GPIO_WritePin  stm32g4xx_hal_gpio.o
    0x0800119c   0x0800119c   0x0000000c   Code   RO          748    .text.HAL_GetTick   stm32g4xx_hal.o
    0x080011a8   0x080011a8   0x0000001a   Code   RO          746    .text.HAL_IncTick   stm32g4xx_hal.o
    0x080011c2   0x080011c2   0x00000002   PAD
    0x080011c4   0x080011c4   0x0000001e   Code   RO          736    .text.HAL_Init      stm32g4xx_hal.o
    0x080011e2   0x080011e2   0x00000002   PAD
    0x080011e4   0x080011e4   0x00000054   Code   RO          738    .text.HAL_InitTick  stm32g4xx_hal.o
    0x08001238   0x08001238   0x00000034   Code   RO          272    .text.HAL_MspInit   stm32g4xx_hal_msp.o
    0x0800126c   0x0800126c   0x00000022   Code   RO         1121    .text.HAL_NVIC_EnableIRQ  stm32g4xx_hal_cortex.o
    0x0800128e   0x0800128e   0x00000002   PAD
    0x08001290   0x08001290   0x00000056   Code   RO         1119    .text.HAL_NVIC_SetPriority  stm32g4xx_hal_cortex.o
    0x080012e6   0x080012e6   0x00000002   PAD
    0x080012e8   0x080012e8   0x00000020   Code   RO         1117    .text.HAL_NVIC_SetPriorityGrouping  stm32g4xx_hal_cortex.o
    0x08001308   0x08001308   0x00000124   Code   RO          656    .text.HAL_PWREx_ControlVoltageScaling  stm32g4xx_hal_pwr_ex.o
    0x0800142c   0x0800142c   0x00000012   Code   RO          726    .text.HAL_PWREx_DisableUCPDDeadBattery  stm32g4xx_hal_pwr_ex.o
    0x0800143e   0x0800143e   0x00000002   PAD
    0x08001440   0x08001440   0x00000262   Code   RO          861    .text.HAL_RCCEx_PeriphCLKConfig  stm32g4xx_hal_rcc_ex.o
    0x080016a2   0x080016a2   0x00000002   PAD
    0x080016a4   0x080016a4   0x00000304   Code   RO          827    .text.HAL_RCC_ClockConfig  stm32g4xx_hal_rcc.o
    0x080019a8   0x080019a8   0x0000002a   Code   RO          835    .text.HAL_RCC_GetPCLK1Freq  stm32g4xx_hal_rcc.o
    0x080019d2   0x080019d2   0x00000002   PAD
    0x080019d4   0x080019d4   0x0000002a   Code   RO          837    .text.HAL_RCC_GetPCLK2Freq  stm32g4xx_hal_rcc.o
    0x080019fe   0x080019fe   0x00000002   PAD
    0x08001a00   0x08001a00   0x00000082   Code   RO          829    .text.HAL_RCC_GetSysClockFreq  stm32g4xx_hal_rcc.o
    0x08001a82   0x08001a82   0x00000002   PAD
    0x08001a84   0x08001a84   0x00000498   Code   RO          825    .text.HAL_RCC_OscConfig  stm32g4xx_hal_rcc.o
    0x08001f1c   0x08001f1c   0x00000018   Code   RO         1143    .text.HAL_SYSTICK_CLKSourceConfig  stm32g4xx_hal_cortex.o
    0x08001f34   0x08001f34   0x0000002c   Code   RO         1129    .text.HAL_SYSTICK_Config  stm32g4xx_hal_cortex.o
    0x08001f60   0x08001f60   0x00000002   Code   RO          631    .text.HAL_TIMEx_Break2Callback  stm32g4xx_hal_tim_ex.o
    0x08001f62   0x08001f62   0x00000002   PAD
    0x08001f64   0x08001f64   0x00000002   Code   RO          629    .text.HAL_TIMEx_BreakCallback  stm32g4xx_hal_tim_ex.o
    0x08001f66   0x08001f66   0x00000002   PAD
    0x08001f68   0x08001f68   0x00000002   Code   RO          625    .text.HAL_TIMEx_CommutCallback  stm32g4xx_hal_tim_ex.o
    0x08001f6a   0x08001f6a   0x00000002   PAD
    0x08001f6c   0x08001f6c   0x00000002   Code   RO          635    .text.HAL_TIMEx_DirectionChangeCallback  stm32g4xx_hal_tim_ex.o
    0x08001f6e   0x08001f6e   0x00000002   PAD
    0x08001f70   0x08001f70   0x00000002   Code   RO          633    .text.HAL_TIMEx_EncoderIndexCallback  stm32g4xx_hal_tim_ex.o
    0x08001f72   0x08001f72   0x00000002   PAD
    0x08001f74   0x08001f74   0x00000002   Code   RO          637    .text.HAL_TIMEx_IndexErrorCallback  stm32g4xx_hal_tim_ex.o
    0x08001f76   0x08001f76   0x00000002   PAD
    0x08001f78   0x08001f78   0x000000a6   Code   RO          575    .text.HAL_TIMEx_MasterConfigSynchronization  stm32g4xx_hal_tim_ex.o
    0x0800201e   0x0800201e   0x00000002   PAD
    0x08002020   0x08002020   0x00000002   Code   RO          639    .text.HAL_TIMEx_TransitionErrorCallback  stm32g4xx_hal_tim_ex.o
    0x08002022   0x08002022   0x00000002   PAD
    0x08002024   0x08002024   0x00000062   Code   RO          280    .text.HAL_TIM_Base_Init  stm32g4xx_hal_tim.o
    0x08002086   0x08002086   0x00000002   PAD
    0x08002088   0x08002088   0x0000006c   Code   RO          203    .text.HAL_TIM_Base_MspInit  tim.o
    0x080020f4   0x080020f4   0x00000092   Code   RO          294    .text.HAL_TIM_Base_Start_IT  stm32g4xx_hal_tim.o
    0x08002186   0x08002186   0x00000002   PAD
    0x08002188   0x08002188   0x000001f6   Code   RO          460    .text.HAL_TIM_ConfigClockSource  stm32g4xx_hal_tim.o
    0x0800237e   0x0800237e   0x00000002   PAD
    0x08002380   0x08002380   0x00000002   Code   RO          416    .text.HAL_TIM_IC_CaptureCallback  stm32g4xx_hal_tim.o
    0x08002382   0x08002382   0x00000002   PAD
    0x08002384   0x08002384   0x000001c6   Code   RO          414    .text.HAL_TIM_IRQHandler  stm32g4xx_hal_tim.o
    0x0800254a   0x0800254a   0x00000002   PAD
    0x0800254c   0x0800254c   0x00000002   Code   RO          418    .text.HAL_TIM_OC_DelayElapsedCallback  stm32g4xx_hal_tim.o
    0x0800254e   0x0800254e   0x00000002   PAD
    0x08002550   0x08002550   0x000003cc   Code   RO          434    .text.HAL_TIM_PWM_ConfigChannel  stm32g4xx_hal_tim.o
    0x0800291c   0x0800291c   0x00000062   Code   RO          334    .text.HAL_TIM_PWM_Init  stm32g4xx_hal_tim.o
    0x0800297e   0x0800297e   0x00000002   PAD
    0x08002980   0x08002980   0x00000002   Code   RO          336    .text.HAL_TIM_PWM_MspInit  stm32g4xx_hal_tim.o
    0x08002982   0x08002982   0x00000002   PAD
    0x08002984   0x08002984   0x00000002   Code   RO          420    .text.HAL_TIM_PWM_PulseFinishedCallback  stm32g4xx_hal_tim.o
    0x08002986   0x08002986   0x00000002   PAD
    0x08002988   0x08002988   0x00000196   Code   RO          346    .text.HAL_TIM_PWM_Start_IT  stm32g4xx_hal_tim.o
    0x08002b1e   0x08002b1e   0x00000002   PAD
    0x08002b20   0x08002b20   0x0000019c   Code   RO          170    .text.HAL_TIM_PeriodElapsedCallback  main.o
    0x08002cbc   0x08002cbc   0x00000002   Code   RO          424    .text.HAL_TIM_TriggerCallback  stm32g4xx_hal_tim.o
    0x08002cbe   0x08002cbe   0x00000002   PAD
    0x08002cc0   0x08002cc0   0x00000036   Code   RO         1325    .text.HAL_UARTEx_DisableFifoMode  stm32g4xx_hal_uart_ex.o
    0x08002cf6   0x08002cf6   0x00000002   PAD
    0x08002cf8   0x08002cf8   0x00000002   Code   RO         1253    .text.HAL_UARTEx_RxEventCallback  stm32g4xx_hal_uart.o
    0x08002cfa   0x08002cfa   0x00000002   PAD
    0x08002cfc   0x08002cfc   0x00000002   Code   RO         1311    .text.HAL_UARTEx_RxFifoFullCallback  stm32g4xx_hal_uart_ex.o
    0x08002cfe   0x08002cfe   0x00000002   PAD
    0x08002d00   0x08002d00   0x00000090   Code   RO         1329    .text.HAL_UARTEx_SetRxFifoThreshold  stm32g4xx_hal_uart_ex.o
    0x08002d90   0x08002d90   0x00000090   Code   RO         1327    .text.HAL_UARTEx_SetTxFifoThreshold  stm32g4xx_hal_uart_ex.o
    0x08002e20   0x08002e20   0x00000002   Code   RO         1313    .text.HAL_UARTEx_TxFifoEmptyCallback  stm32g4xx_hal_uart_ex.o
    0x08002e22   0x08002e22   0x00000002   PAD
    0x08002e24   0x08002e24   0x00000002   Code   RO         1309    .text.HAL_UARTEx_WakeupCallback  stm32g4xx_hal_uart_ex.o
    0x08002e26   0x08002e26   0x00000002   PAD
    0x08002e28   0x08002e28   0x00000002   Code   RO         1251    .text.HAL_UART_ErrorCallback  stm32g4xx_hal_uart.o
    0x08002e2a   0x08002e2a   0x00000002   PAD
    0x08002e2c   0x08002e2c   0x0000000c   Code   RO         1281    .text.HAL_UART_GetState  stm32g4xx_hal_uart.o
    0x08002e38   0x08002e38   0x0000061a   Code   RO         1247    .text.HAL_UART_IRQHandler  stm32g4xx_hal_uart.o
    0x08003452   0x08003452   0x00000002   PAD
    0x08003454   0x08003454   0x00000062   Code   RO         1163    .text.HAL_UART_Init  stm32g4xx_hal_uart.o
    0x080034b6   0x080034b6   0x00000002   PAD
    0x080034b8   0x080034b8   0x00000094   Code   RO          219    .text.HAL_UART_MspInit  usart.o
    0x0800354c   0x0800354c   0x000000a4   Code   RO         1199    .text.HAL_UART_Receive_IT  stm32g4xx_hal_uart.o
    0x080035f0   0x080035f0   0x00000072   Code   RO          162    .text.HAL_UART_RxCpltCallback  main.o
    0x08003662   0x08003662   0x00000002   PAD
    0x08003664   0x08003664   0x000000f0   Code   RO         1183    .text.HAL_UART_Transmit  stm32g4xx_hal_uart.o
    0x08003754   0x08003754   0x00000002   Code   RO         1255    .text.HAL_UART_TxCpltCallback  stm32g4xx_hal_uart.o
    0x08003756   0x08003756   0x00000002   PAD
    0x08003758   0x08003758   0x00000002   Code   RO          242    .text.HardFault_Handler  stm32g4xx_it.o
    0x0800375a   0x0800375a   0x00000002   PAD
    0x0800375c   0x0800375c   0x0000004e   Code   RO          137    .text.IIC_ReceiveAck  iic.o
    0x080037aa   0x080037aa   0x00000002   PAD
    0x080037ac   0x080037ac   0x00000054   Code   RO          131    .text.IIC_SendByte  iic.o
    0x08003800   0x08003800   0x0000004e   Code   RO          127    .text.IIC_Start     iic.o
    0x0800384e   0x0800384e   0x00000002   PAD
    0x08003850   0x08003850   0x0000003e   Code   RO          129    .text.IIC_Stop      iic.o
    0x0800388e   0x0800388e   0x00000002   PAD
    0x08003890   0x08003890   0x000001bc   Code   RO           33    .text.LCD_Clear     lcd.o
    0x08003a4c   0x08003a4c   0x0000004c   Code   RO           31    .text.LCD_DisplayStringLine  lcd.o
    0x08003a98   0x08003a98   0x0000016c   Code   RO           41    .text.LCD_DrawChar  lcd.o
    0x08003c04   0x08003c04   0x0000022e   Code   RO           19    .text.LCD_Init      lcd.o
    0x08003e32   0x08003e32   0x00000002   PAD
    0x08003e34   0x08003e34   0x00000018   Code   RO           27    .text.LCD_SetBackColor  lcd.o
    0x08003e4c   0x08003e4c   0x000000dc   Code   RO           35    .text.LCD_SetCursor  lcd.o
    0x08003f28   0x08003f28   0x00000018   Code   RO           25    .text.LCD_SetTextColor  lcd.o
    0x08003f40   0x08003f40   0x000000ea   Code   RO          187    .text.MX_GPIO_Init  gpio.o
    0x0800402a   0x0800402a   0x00000002   PAD
    0x0800402c   0x0800402c   0x00000100   Code   RO          197    .text.MX_TIM2_Init  tim.o
    0x0800412c   0x0800412c   0x00000052   Code   RO          201    .text.MX_TIM6_Init  tim.o
    0x0800417e   0x0800417e   0x00000002   PAD
    0x08004180   0x08004180   0x0000008c   Code   RO          217    .text.MX_USART1_UART_Init  usart.o
    0x0800420c   0x0800420c   0x00000002   Code   RO          244    .text.MemManage_Handler  stm32g4xx_it.o
    0x0800420e   0x0800420e   0x00000002   PAD
    0x08004210   0x08004210   0x00000002   Code   RO          240    .text.NMI_Handler   stm32g4xx_it.o
    0x08004212   0x08004212   0x00000002   PAD
    0x08004214   0x08004214   0x00000002   Code   RO          254    .text.PendSV_Handler  stm32g4xx_it.o
    0x08004216   0x08004216   0x00000002   PAD
    0x08004218   0x08004218   0x00000c0c   Code   RO           13    .text.REG_8230_Init  lcd.o
    0x08004e24   0x08004e24   0x0000174e   Code   RO           17    .text.REG_932X_Init  lcd.o
    0x08006572   0x08006572   0x00000002   PAD
    0x08006574   0x08006574   0x00000002   Code   RO          250    .text.SVC_Handler   stm32g4xx_it.o
    0x08006576   0x08006576   0x00000002   PAD
    0x08006578   0x08006578   0x00000004   Code   RO          256    .text.SysTick_Handler  stm32g4xx_it.o
    0x0800657c   0x0800657c   0x00000012   Code   RO         1348    .text.SystemInit    system_stm32g4xx.o
    0x0800658e   0x0800658e   0x00000002   PAD
    0x08006590   0x08006590   0x0000000c   Code   RO          258    .text.TIM2_IRQHandler  stm32g4xx_it.o
    0x0800659c   0x0800659c   0x0000000c   Code   RO          262    .text.TIM6_DAC_IRQHandler  stm32g4xx_it.o
    0x080065a8   0x080065a8   0x00000114   Code   RO          284    .text.TIM_Base_SetConfig  stm32g4xx_hal_tim.o
    0x080066bc   0x080066bc   0x000000e2   Code   RO         1167    .text.UART_AdvFeatureConfig  stm32g4xx_hal_uart.o
    0x0800679e   0x0800679e   0x00000002   PAD
    0x080067a0   0x080067a0   0x00000166   Code   RO         1171    .text.UART_CheckIdleState  stm32g4xx_hal_uart.o
    0x08006906   0x08006906   0x00000002   PAD
    0x08006908   0x08006908   0x00000010   Code   RO         1249    .text.UART_DMAAbortOnError  stm32g4xx_hal_uart.o
    0x08006918   0x08006918   0x000001a8   Code   RO         1289    .text.UART_RxISR_16BIT  stm32g4xx_hal_uart.o
    0x08006ac0   0x08006ac0   0x00000312   Code   RO         1285    .text.UART_RxISR_16BIT_FIFOEN  stm32g4xx_hal_uart.o
    0x08006dd2   0x08006dd2   0x00000002   PAD
    0x08006dd4   0x08006dd4   0x000001ac   Code   RO         1291    .text.UART_RxISR_8BIT  stm32g4xx_hal_uart.o
    0x08006f80   0x08006f80   0x00000316   Code   RO         1287    .text.UART_RxISR_8BIT_FIFOEN  stm32g4xx_hal_uart.o
    0x08007296   0x08007296   0x00000002   PAD
    0x08007298   0x08007298   0x00000284   Code   RO         1169    .text.UART_SetConfig  stm32g4xx_hal_uart.o
    0x0800751c   0x0800751c   0x0000025e   Code   RO         1201    .text.UART_Start_Receive_IT  stm32g4xx_hal_uart.o
    0x0800777a   0x0800777a   0x00000002   PAD
    0x0800777c   0x0800777c   0x000002ea   Code   RO         1185    .text.UART_WaitOnFlagUntilTimeout  stm32g4xx_hal_uart.o
    0x08007a66   0x08007a66   0x00000002   PAD
    0x08007a68   0x08007a68   0x00000058   Code   RO          260    .text.USART1_IRQHandler  stm32g4xx_it.o
    0x08007ac0   0x08007ac0   0x00000002   Code   RO          248    .text.UsageFault_Handler  stm32g4xx_it.o
    0x08007ac2   0x08007ac2   0x00000002   PAD
    0x08007ac4   0x08007ac4   0x00000002   Code   RO          223    .text._sys_exit     usart.o
    0x08007ac6   0x08007ac6   0x00000002   PAD
    0x08007ac8   0x08007ac8   0x00000016   Code   RO          147    .text.delay_init    delay.o
    0x08007ade   0x08007ade   0x00000002   PAD
    0x08007ae0   0x08007ae0   0x000001d2   Code   RO          151    .text.delay_ms      delay.o
    0x08007cb2   0x08007cb2   0x00000002   PAD
    0x08007cb4   0x08007cb4   0x0000004e   Code   RO          149    .text.delay_us      delay.o
    0x08007d02   0x08007d02   0x00000002   PAD
    0x08007d04   0x08007d04   0x0000001e   Code   RO          225    .text.fputc         usart.o
    0x08007d22   0x08007d22   0x00000002   PAD
    0x08007d24   0x08007d24   0x000000a8   Code   RO           91    .text.led_OFF       led.o
    0x08007dcc   0x08007dcc   0x000000ac   Code   RO           89    .text.led_ON        led.o
    0x08007e78   0x08007e78   0x0000001c   Code   RO           93    .text.led_Toggle    led.o
    0x08007e94   0x08007e94   0x00000098   Code   RO           87    .text.led_init      led.o
    0x08007f2c   0x08007f2c   0x00000004   PAD
    0x08007f30   0x08007f30   0x000003a0   Code   RO          164    .text.main          main.o
    0x080082d0   0x080082d0   0x0000003e   Code   RO         1481    CL$$btod_d2e        c_w.l(btod.o)
    0x0800830e   0x0800830e   0x00000046   Code   RO         1483    CL$$btod_d2e_denorm_low  c_w.l(btod.o)
    0x08008354   0x08008354   0x00000060   Code   RO         1482    CL$$btod_d2e_norm_op1  c_w.l(btod.o)
    0x080083b4   0x080083b4   0x00000338   Code   RO         1491    CL$$btod_div_common  c_w.l(btod.o)
    0x080086ec   0x080086ec   0x000000dc   Code   RO         1488    CL$$btod_e2e        c_w.l(btod.o)
    0x080087c8   0x080087c8   0x0000002a   Code   RO         1485    CL$$btod_ediv       c_w.l(btod.o)
    0x080087f2   0x080087f2   0x0000002a   Code   RO         1484    CL$$btod_emul       c_w.l(btod.o)
    0x0800881c   0x0800881c   0x00000244   Code   RO         1490    CL$$btod_mult_common  c_w.l(btod.o)
    0x08008a60   0x08008a60   0x00000030   Code   RO         1514    i.__ARM_fpclassify  m_wm.l(fpclassify.o)
    0x08008a90   0x08008a90   0x0000000e   Code   RO         1388    i._is_digit         c_w.l(__printf_wp.o)
    0x08008a9e   0x08008a9e   0x00000002   PAD
    0x08008aa0   0x08008aa0   0x0000002c   Code   RO         1510    locale$$code        c_w.l(lc_numeric_c.o)
    0x08008acc   0x08008acc   0x00000150   Code   RO         1407    x$fpl$dadd          fz_wm.l(daddsub_clz.o)
    0x08008c1c   0x08008c1c   0x0000005e   Code   RO         1413    x$fpl$dfix          fz_wm.l(dfix.o)
    0x08008c7a   0x08008c7a   0x0000002e   Code   RO         1418    x$fpl$dflt          fz_wm.l(dflt_clz.o)
    0x08008ca8   0x08008ca8   0x00000154   Code   RO         1423    x$fpl$dmul          fz_wm.l(dmul.o)
    0x08008dfc   0x08008dfc   0x0000009c   Code   RO         1445    x$fpl$dnaninf       fz_wm.l(dnaninf.o)
    0x08008e98   0x08008e98   0x0000000c   Code   RO         1447    x$fpl$dretinf       fz_wm.l(dretinf.o)
    0x08008ea4   0x08008ea4   0x000001dc   Code   RO         1409    x$fpl$dsub          fz_wm.l(daddsub_clz.o)
    0x08009080   0x08009080   0x0000001a   Code   RO         1596    x$fpl$fpinit        fz_wm.l(fpinit.o)
    0x0800909a   0x0800909a   0x00000004   Code   RO         1425    x$fpl$printf1       fz_wm.l(printf1.o)
    0x0800909e   0x0800909e   0x00000000   Code   RO         1449    x$fpl$usenofp       fz_wm.l(usenofp.o)
    0x0800909e   0x0800909e   0x00000002   PAD
    0x080090a0   0x080090a0   0x00000094   Data   RO         1479    .constdata          c_w.l(bigflt0.o)
    0x08009134   0x08009134   0x00000010   Data   RO         1353    .rodata.AHBPrescTable  system_stm32g4xx.o
    0x08009144   0x08009144   0x00000008   Data   RO         1354    .rodata.APBPrescTable  system_stm32g4xx.o
    0x0800914c   0x0800914c   0x000011d0   Data   RO           73    .rodata.ASCII_Table  lcd.o
    0x0800a31c   0x0800a31c   0x00000018   Data   RO         1297    .rodata.UARTPrescTable  stm32g4xx_hal_uart.o
    0x0800a334   0x0800a334   0x00000020   Data   RO          500    .rodata.cst16       stm32g4xx_hal_tim.o
    0x0800a354   0x0800a354   0x00000010   Data   RO         1298    .rodata.cst16       stm32g4xx_hal_uart.o
    0x0800a364   0x0800a364   0x00000010   Data   RO         1339    .rodata.cst8        stm32g4xx_hal_uart_ex.o
    0x0800a374   0x0800a374   0x0000001c   Data   RO          177    .rodata.str1.1      main.o
    0x0800a390   0x0800a390   0x00000020   Data   RO         1668    Region$$Table       anon$$obj.o
    0x0800a3b0   0x0800a3b0   0x0000001c   Data   RO         1509    locale$$data        c_w.l(lc_numeric_c.o)


    Execution Region RW_IRAM1 (Exec base: 0x20000000, Load base: 0x0800a3d0, Size: 0x00000950, Max: 0x00008000, ABSOLUTE)

    Exec Addr    Load Addr    Size         Type   Attr      Idx    E Section Name        Object

    0x20000000   0x0800a3d0   0x00000002   Data   RW           76    .data.BackColor     lcd.o
    0x20000002   0x0800a3d2   0x00000002   PAD
    0x20000004   0x0800a3d4   0x00000004   Data   RW         1352    .data.SystemCoreClock  system_stm32g4xx.o
    0x20000008   0x0800a3d8   0x00000004   Data   RW          813    .data.uwTickFreq    stm32g4xx_hal.o
    0x2000000c   0x0800a3dc   0x00000004   Data   RW          812    .data.uwTickPrio    stm32g4xx_hal.o
    0x20000010        -       0x00000060   Zero   RW         1517    .bss                c_w.l(libspace.o)
    0x20000070        -       0x00000002   Zero   RW           75    .bss.TextColor      lcd.o
    0x20000072   0x0800a3e0   0x00000002   PAD
    0x20000074        -       0x000000c8   Zero   RW          229    .bss.USART1_RECEIVE_ARRAY  usart.o
    0x2000013c        -       0x00000001   Zero   RW          230    .bss.USART1_RECEIVE_DATA  usart.o
    0x2000013d   0x0800a3e0   0x00000001   PAD
    0x2000013e        -       0x00000002   Zero   RW          227    .bss.USART1_RECEIVE_STATE  usart.o
    0x20000140        -       0x00000054   Zero   RW          231    .bss.__stdout       usart.o
    0x20000194        -       0x00000004   Zero   RW          173    .bss.counter        main.o
    0x20000198        -       0x00000002   Zero   RW           74    .bss.dummy          lcd.o
    0x2000019a   0x0800a3e0   0x00000002   PAD
    0x2000019c        -       0x00000004   Zero   RW          153    .bss.fac_us         delay.o
    0x200001a0        -       0x00000001   Zero   RW          174    .bss.found          main.o
    0x200001a1   0x0800a3e0   0x00000003   PAD
    0x200001a4        -       0x0000004c   Zero   RW          207    .bss.htim2          tim.o
    0x200001f0        -       0x0000004c   Zero   RW          208    .bss.htim6          tim.o
    0x2000023c        -       0x00000094   Zero   RW          228    .bss.huart1         usart.o
    0x200002d0        -       0x00000001   Zero   RW           95    .bss.led_buff       led.o
    0x200002d1   0x0800a3e0   0x00000003   PAD
    0x200002d4        -       0x00000020   Zero   RW           96    .bss.led_state      led.o
    0x200002f4   0x0800a3e0   0x00000004   PAD
    0x200002f8        -       0x00000030   Zero   RW          175    .bss.member         main.o
    0x20000328        -       0x00000004   Zero   RW          172    .bss.mode           main.o
    0x2000032c        -       0x0000001e   Zero   RW          176    .bss.text           main.o
    0x2000034a   0x0800a3e0   0x00000002   PAD
    0x2000034c        -       0x00000004   Zero   RW          814    .bss.uwTick         stm32g4xx_hal.o
    0x20000350        -       0x00000200   Zero   RW            2    HEAP                startup_stm32g431xx.o
    0x20000550        -       0x00000400   Zero   RW            1    STACK               startup_stm32g431xx.o


==============================================================================

Image component sizes


      Code (inc. data)   RO Data    RW Data    ZI Data      Debug   Object Name

        72          0          0          0          0       1134   at24c02.o
       566          0          0          0          4       3247   delay.o
       234          0          0          0          0       2714   gpio.o
       302          0          0          0          0       4462   iic.o
     10760          0       4560          2          4      31847   lcd.o
       520          0          0          0         33       3779   led.o
      1464        148         28          0         87      10069   main.o
        64         26        472          0       1536        860   startup_stm32g431xx.o
       192          0          0          8          4       8882   stm32g4xx_hal.o
       220          0          0          0          0      10200   stm32g4xx_hal_cortex.o
       236          0          0          0          0       9046   stm32g4xx_hal_dma.o
       434          0          0          0          0       5256   stm32g4xx_hal_gpio.o
        52          0          0          0          0       1764   stm32g4xx_hal_msp.o
       310          0          0          0          0       9610   stm32g4xx_hal_pwr_ex.o
      2162          0          0          0          0       9945   stm32g4xx_hal_rcc.o
       610          0          0          0          0      10484   stm32g4xx_hal_rcc_ex.o
      2962         20         32          0          0      61393   stm32g4xx_hal_tim.o
       180          0          0          0          0      29619   stm32g4xx_hal_tim_ex.o
      7106         46         40          0          0      41368   stm32g4xx_hal_uart.o
       348          0         16          0          0      11148   stm32g4xx_hal_uart_ex.o
       132          0          0          0          0       5561   stm32g4xx_it.o
        18          0         24          4          0       2768   system_stm32g4xx.o
       446          0          0          0        152       9761   tim.o
       320          0          0          0        435       9265   usart.o

    ----------------------------------------------------------------------
     29852        240       5204         16       2272     294182   Object Totals
         0          0         32          0          0          0   (incl. Generated)
       142          0          0          2         17          0   (incl. Padding)

    ----------------------------------------------------------------------

      Code (inc. data)   RO Data    RW Data    ZI Data      Debug   Library Member Name

         8          0          0          0          0         68   __main.o
       352          0          0          0          0         88   __printf_ss_wp.o
        14          0          0          0          0         68   __printf_wp.o
         0          0          0          0          0          0   __rtentry.o
        12          0          0          0          0          0   __rtentry2.o
         6          0          0          0          0          0   __rtentry4.o
        94          8          0          0          0          0   __scatter.o
        26          0          0          0          0          0   __scatter_copy.o
        28          0          0          0          0          0   __scatter_zi.o
        48          6          0          0          0         96   _printf_char_common.o
        36          4          0          0          0         80   _printf_char_file.o
         6          0          0          0          0          0   _printf_d.o
       120         16          0          0          0         92   _printf_dec.o
         6          0          0          0          0          0   _printf_f.o
      1052          0          0          0          0        148   _printf_fp_dec.o
       128         16          0          0          0         84   _printf_fp_infnan.o
       178          0          0          0          0         88   _printf_intcommon.o
         0          0          0          0          0          0   _printf_percent.o
         4          0          0          0          0          0   _printf_percent_end.o
        10          0          0          0          0         68   _sputc.o
       228          4        148          0          0         96   bigflt0.o
      1936        128          0          0          0        668   btod.o
        18          0          0          0          0         80   exit.o
         8          0          0          0          0         68   ferror.o
         6          0          0          0          0        152   heapauxi.o
        44         10         28          0          0         76   lc_numeric_c.o
         2          0          0          0          0          0   libinit.o
        22          0          0          0          0          0   libinit2.o
         2          0          0          0          0          0   libshutdown.o
         2          0          0          0          0          0   libshutdown2.o
         8          4          0          0         96         68   libspace.o
       138          0          0          0          0         80   lludiv10.o
       240          0          0          0          0        100   lludivv7m.o
        24          4          0          0          0         84   noretval__2printf.o
        40          6          0          0          0         84   noretval__2sprintf.o
         8          4          0          0          0         68   rt_locale_intlibspace.o
        78          0          0          0          0         80   rt_memclr_w.o
         2          0          0          0          0          0   rtexit.o
        10          0          0          0          0          0   rtexit2.o
       124          0          0          0          0         88   strcmpv7em.o
        74          0          0          0          0         80   sys_stackheap_outer.o
       812         16          0          0          0        392   daddsub_clz.o
        94          4          0          0          0        140   dfix.o
        46          0          0          0          0        116   dflt_clz.o
       340         12          0          0          0        152   dmul.o
       156          4          0          0          0        140   dnaninf.o
        12          0          0          0          0        116   dretinf.o
        26          0          0          0          0        116   fpinit.o
         4          0          0          0          0        116   printf1.o
         0          0          0          0          0          0   usenofp.o
        48          0          0          0          0        124   fpclassify.o

    ----------------------------------------------------------------------
      6700        246        176          0         96       4164   Library Totals
        20          0          0          0          0          0   (incl. Padding)

    ----------------------------------------------------------------------

      Code (inc. data)   RO Data    RW Data    ZI Data      Debug   Library Name

      5142        210        176          0         96       2752   c_w.l
      1490         36          0          0          0       1288   fz_wm.l
        48          0          0          0          0        124   m_wm.l

    ----------------------------------------------------------------------
      6700        246        176          0         96       4164   Library Totals

    ----------------------------------------------------------------------

==============================================================================


      Code (inc. data)   RO Data    RW Data    ZI Data      Debug   

     36552        486       5380         16       2368     295718   Grand Totals
     36552        486       5380         16       2368     295718   ELF Image Totals
     36552        486       5380         16          0          0   ROM Totals

==============================================================================

    Total RO  Size (Code + RO Data)                41932 (  40.95kB)
    Total RW  Size (RW Data + ZI Data)              2384 (   2.33kB)
    Total ROM Size (Code + RO Data + RW Data)      41948 (  40.96kB)

==============================================================================

